<?xml version="1.0" encoding="ISO-8859-1" ?>
<link_info>
   <banner>MSP430 Linker PC v18.1.4.LTS</banner>
   <copyright>Copyright (c) 2003-2018 Texas Instruments Incorporated</copyright>
   <link_time>0x5dd5bb2a</link_time>
   <link_errors>0x0</link_errors>
   <output_file>greenhouse.out</output_file>
   <entry_point>
      <name>_c_int00_noargs</name>
      <address>0xf9e2</address>
   </entry_point>
   <input_file_list>
      <input_file id="fl-2">
         <path>.\</path>
         <kind>object</kind>
         <file>hal_LCD.obj</file>
         <name>hal_LCD.obj</name>
      </input_file>
      <input_file id="fl-3">
         <path>.\</path>
         <kind>object</kind>
         <file>main.obj</file>
         <name>main.obj</name>
      </input_file>
      <input_file id="fl-4">
         <path>.\driverlib\</path>
         <kind>object</kind>
         <file>adc.obj</file>
         <name>adc.obj</name>
      </input_file>
      <input_file id="fl-5">
         <path>.\driverlib\</path>
         <kind>object</kind>
         <file>crc.obj</file>
         <name>crc.obj</name>
      </input_file>
      <input_file id="fl-6">
         <path>.\driverlib\</path>
         <kind>object</kind>
         <file>cs.obj</file>
         <name>cs.obj</name>
      </input_file>
      <input_file id="fl-7">
         <path>.\driverlib\</path>
         <kind>object</kind>
         <file>ecomp.obj</file>
         <name>ecomp.obj</name>
      </input_file>
      <input_file id="fl-8">
         <path>.\driverlib\</path>
         <kind>object</kind>
         <file>eusci_a_spi.obj</file>
         <name>eusci_a_spi.obj</name>
      </input_file>
      <input_file id="fl-9">
         <path>.\driverlib\</path>
         <kind>object</kind>
         <file>eusci_a_uart.obj</file>
         <name>eusci_a_uart.obj</name>
      </input_file>
      <input_file id="fl-a">
         <path>.\driverlib\</path>
         <kind>object</kind>
         <file>eusci_b_i2c.obj</file>
         <name>eusci_b_i2c.obj</name>
      </input_file>
      <input_file id="fl-b">
         <path>.\driverlib\</path>
         <kind>object</kind>
         <file>eusci_b_spi.obj</file>
         <name>eusci_b_spi.obj</name>
      </input_file>
      <input_file id="fl-c">
         <path>.\driverlib\</path>
         <kind>object</kind>
         <file>framctl.obj</file>
         <name>framctl.obj</name>
      </input_file>
      <input_file id="fl-d">
         <path>.\driverlib\</path>
         <kind>object</kind>
         <file>gpio.obj</file>
         <name>gpio.obj</name>
      </input_file>
      <input_file id="fl-e">
         <path>.\driverlib\</path>
         <kind>object</kind>
         <file>icc.obj</file>
         <name>icc.obj</name>
      </input_file>
      <input_file id="fl-f">
         <path>.\driverlib\</path>
         <kind>object</kind>
         <file>lcd_e.obj</file>
         <name>lcd_e.obj</name>
      </input_file>
      <input_file id="fl-10">
         <path>.\driverlib\</path>
         <kind>object</kind>
         <file>mpy32.obj</file>
         <name>mpy32.obj</name>
      </input_file>
      <input_file id="fl-11">
         <path>.\driverlib\</path>
         <kind>object</kind>
         <file>pmm.obj</file>
         <name>pmm.obj</name>
      </input_file>
      <input_file id="fl-12">
         <path>.\driverlib\</path>
         <kind>object</kind>
         <file>rtc.obj</file>
         <name>rtc.obj</name>
      </input_file>
      <input_file id="fl-13">
         <path>.\driverlib\</path>
         <kind>object</kind>
         <file>sac.obj</file>
         <name>sac.obj</name>
      </input_file>
      <input_file id="fl-14">
         <path>.\driverlib\</path>
         <kind>object</kind>
         <file>sfr.obj</file>
         <name>sfr.obj</name>
      </input_file>
      <input_file id="fl-15">
         <path>.\driverlib\</path>
         <kind>object</kind>
         <file>sysctl.obj</file>
         <name>sysctl.obj</name>
      </input_file>
      <input_file id="fl-16">
         <path>.\driverlib\</path>
         <kind>object</kind>
         <file>tia.obj</file>
         <name>tia.obj</name>
      </input_file>
      <input_file id="fl-17">
         <path>.\driverlib\</path>
         <kind>object</kind>
         <file>timer_a.obj</file>
         <name>timer_a.obj</name>
      </input_file>
      <input_file id="fl-18">
         <path>.\driverlib\</path>
         <kind>object</kind>
         <file>timer_b.obj</file>
         <name>timer_b.obj</name>
      </input_file>
      <input_file id="fl-19">
         <path>.\driverlib\</path>
         <kind>object</kind>
         <file>tlv.obj</file>
         <name>tlv.obj</name>
      </input_file>
      <input_file id="fl-1a">
         <path>.\driverlib\</path>
         <kind>object</kind>
         <file>wdt_a.obj</file>
         <name>wdt_a.obj</name>
      </input_file>
      <input_file id="fl-1f">
         <kind>object</kind>
         <file>&lt;internal&gt;</file>
         <name>&lt;internal&gt;</name>
      </input_file>
      <input_file id="fl-35">
         <path>C:\Software\ccs83\ccsv8\tools\compiler\ti-cgt-msp430_18.1.4.LTS\lib\</path>
         <kind>archive</kind>
         <file>rts430x_lc_sd_eabi.lib</file>
         <name>div16s.asm.obj</name>
      </input_file>
      <input_file id="fl-36">
         <path>C:\Software\ccs83\ccsv8\tools\compiler\ti-cgt-msp430_18.1.4.LTS\lib\</path>
         <kind>archive</kind>
         <file>rts430x_lc_sd_eabi.lib</file>
         <name>div16u.asm.obj</name>
      </input_file>
      <input_file id="fl-37">
         <path>C:\Software\ccs83\ccsv8\tools\compiler\ti-cgt-msp430_18.1.4.LTS\lib\</path>
         <kind>archive</kind>
         <file>rts430x_lc_sd_eabi.lib</file>
         <name>div32s.asm.obj</name>
      </input_file>
      <input_file id="fl-38">
         <path>C:\Software\ccs83\ccsv8\tools\compiler\ti-cgt-msp430_18.1.4.LTS\lib\</path>
         <kind>archive</kind>
         <file>rts430x_lc_sd_eabi.lib</file>
         <name>div32u.asm.obj</name>
      </input_file>
      <input_file id="fl-39">
         <path>C:\Software\ccs83\ccsv8\tools\compiler\ti-cgt-msp430_18.1.4.LTS\lib\</path>
         <kind>archive</kind>
         <file>rts430x_lc_sd_eabi.lib</file>
         <name>int45.asm.obj</name>
      </input_file>
      <input_file id="fl-3a">
         <path>C:\Software\ccs83\ccsv8\tools\compiler\ti-cgt-msp430_18.1.4.LTS\lib\</path>
         <kind>archive</kind>
         <file>rts430x_lc_sd_eabi.lib</file>
         <name>int46.asm.obj</name>
      </input_file>
      <input_file id="fl-3b">
         <path>C:\Software\ccs83\ccsv8\tools\compiler\ti-cgt-msp430_18.1.4.LTS\lib\</path>
         <kind>archive</kind>
         <file>rts430x_lc_sd_eabi.lib</file>
         <name>int47.asm.obj</name>
      </input_file>
      <input_file id="fl-3c">
         <path>C:\Software\ccs83\ccsv8\tools\compiler\ti-cgt-msp430_18.1.4.LTS\lib\</path>
         <kind>archive</kind>
         <file>rts430x_lc_sd_eabi.lib</file>
         <name>int49.asm.obj</name>
      </input_file>
      <input_file id="fl-3d">
         <path>C:\Software\ccs83\ccsv8\tools\compiler\ti-cgt-msp430_18.1.4.LTS\lib\</path>
         <kind>archive</kind>
         <file>rts430x_lc_sd_eabi.lib</file>
         <name>int51.asm.obj</name>
      </input_file>
      <input_file id="fl-3e">
         <path>C:\Software\ccs83\ccsv8\tools\compiler\ti-cgt-msp430_18.1.4.LTS\lib\</path>
         <kind>archive</kind>
         <file>rts430x_lc_sd_eabi.lib</file>
         <name>int52.asm.obj</name>
      </input_file>
      <input_file id="fl-3f">
         <path>C:\Software\ccs83\ccsv8\tools\compiler\ti-cgt-msp430_18.1.4.LTS\lib\</path>
         <kind>archive</kind>
         <file>rts430x_lc_sd_eabi.lib</file>
         <name>int53.asm.obj</name>
      </input_file>
      <input_file id="fl-40">
         <path>C:\Software\ccs83\ccsv8\tools\compiler\ti-cgt-msp430_18.1.4.LTS\lib\</path>
         <kind>archive</kind>
         <file>rts430x_lc_sd_eabi.lib</file>
         <name>int54.asm.obj</name>
      </input_file>
      <input_file id="fl-41">
         <path>C:\Software\ccs83\ccsv8\tools\compiler\ti-cgt-msp430_18.1.4.LTS\lib\</path>
         <kind>archive</kind>
         <file>rts430x_lc_sd_eabi.lib</file>
         <name>int55.asm.obj</name>
      </input_file>
      <input_file id="fl-42">
         <path>C:\Software\ccs83\ccsv8\tools\compiler\ti-cgt-msp430_18.1.4.LTS\lib\</path>
         <kind>archive</kind>
         <file>rts430x_lc_sd_eabi.lib</file>
         <name>int56.asm.obj</name>
      </input_file>
      <input_file id="fl-43">
         <path>C:\Software\ccs83\ccsv8\tools\compiler\ti-cgt-msp430_18.1.4.LTS\lib\</path>
         <kind>archive</kind>
         <file>rts430x_lc_sd_eabi.lib</file>
         <name>int57.asm.obj</name>
      </input_file>
      <input_file id="fl-44">
         <path>C:\Software\ccs83\ccsv8\tools\compiler\ti-cgt-msp430_18.1.4.LTS\lib\</path>
         <kind>archive</kind>
         <file>rts430x_lc_sd_eabi.lib</file>
         <name>int58.asm.obj</name>
      </input_file>
      <input_file id="fl-45">
         <path>C:\Software\ccs83\ccsv8\tools\compiler\ti-cgt-msp430_18.1.4.LTS\lib\</path>
         <kind>archive</kind>
         <file>rts430x_lc_sd_eabi.lib</file>
         <name>isr_trap.asm.obj</name>
      </input_file>
      <input_file id="fl-46">
         <path>C:\Software\ccs83\ccsv8\tools\compiler\ti-cgt-msp430_18.1.4.LTS\lib\</path>
         <kind>archive</kind>
         <file>rts430x_lc_sd_eabi.lib</file>
         <name>lsl16.asm.obj</name>
      </input_file>
      <input_file id="fl-47">
         <path>C:\Software\ccs83\ccsv8\tools\compiler\ti-cgt-msp430_18.1.4.LTS\lib\</path>
         <kind>archive</kind>
         <file>rts430x_lc_sd_eabi.lib</file>
         <name>lsr16.asm.obj</name>
      </input_file>
      <input_file id="fl-48">
         <path>C:\Software\ccs83\ccsv8\tools\compiler\ti-cgt-msp430_18.1.4.LTS\lib\</path>
         <kind>archive</kind>
         <file>rts430x_lc_sd_eabi.lib</file>
         <name>mult32.asm.obj</name>
      </input_file>
      <input_file id="fl-49">
         <path>C:\Software\ccs83\ccsv8\tools\compiler\ti-cgt-msp430_18.1.4.LTS\lib\</path>
         <kind>archive</kind>
         <file>rts430x_lc_sd_eabi.lib</file>
         <name>boot.c.obj</name>
      </input_file>
      <input_file id="fl-4a">
         <path>C:\Software\ccs83\ccsv8\tools\compiler\ti-cgt-msp430_18.1.4.LTS\lib\</path>
         <kind>archive</kind>
         <file>rts430x_lc_sd_eabi.lib</file>
         <name>autoinit.c.obj</name>
      </input_file>
      <input_file id="fl-4b">
         <path>C:\Software\ccs83\ccsv8\tools\compiler\ti-cgt-msp430_18.1.4.LTS\lib\</path>
         <kind>archive</kind>
         <file>rts430x_lc_sd_eabi.lib</file>
         <name>copy_zero_init.c.obj</name>
      </input_file>
      <input_file id="fl-4c">
         <path>C:\Software\ccs83\ccsv8\tools\compiler\ti-cgt-msp430_18.1.4.LTS\lib\</path>
         <kind>archive</kind>
         <file>rts430x_lc_sd_eabi.lib</file>
         <name>cpy_tbl.c.obj</name>
      </input_file>
      <input_file id="fl-4d">
         <path>C:\Software\ccs83\ccsv8\tools\compiler\ti-cgt-msp430_18.1.4.LTS\lib\</path>
         <kind>archive</kind>
         <file>rts430x_lc_sd_eabi.lib</file>
         <name>mpu_init.c.obj</name>
      </input_file>
      <input_file id="fl-4e">
         <path>C:\Software\ccs83\ccsv8\tools\compiler\ti-cgt-msp430_18.1.4.LTS\lib\</path>
         <kind>archive</kind>
         <file>rts430x_lc_sd_eabi.lib</file>
         <name>pre_init.c.obj</name>
      </input_file>
      <input_file id="fl-4f">
         <path>C:\Software\ccs83\ccsv8\tools\compiler\ti-cgt-msp430_18.1.4.LTS\lib\</path>
         <kind>archive</kind>
         <file>rts430x_lc_sd_eabi.lib</file>
         <name>startup.c.obj</name>
      </input_file>
      <input_file id="fl-50">
         <path>C:\Software\ccs83\ccsv8\tools\compiler\ti-cgt-msp430_18.1.4.LTS\lib\</path>
         <kind>archive</kind>
         <file>rts430x_lc_sd_eabi.lib</file>
         <name>copy_decompress_none.c.obj</name>
      </input_file>
      <input_file id="fl-51">
         <path>C:\Software\ccs83\ccsv8\tools\compiler\ti-cgt-msp430_18.1.4.LTS\lib\</path>
         <kind>archive</kind>
         <file>rts430x_lc_sd_eabi.lib</file>
         <name>copy_decompress_lzss.c.obj</name>
      </input_file>
      <input_file id="fl-52">
         <path>C:\Software\ccs83\ccsv8\tools\compiler\ti-cgt-msp430_18.1.4.LTS\lib\</path>
         <kind>archive</kind>
         <file>rts430x_lc_sd_eabi.lib</file>
         <name>divd.c.obj</name>
      </input_file>
      <input_file id="fl-53">
         <path>C:\Software\ccs83\ccsv8\tools\compiler\ti-cgt-msp430_18.1.4.LTS\lib\</path>
         <kind>archive</kind>
         <file>rts430x_lc_sd_eabi.lib</file>
         <name>fixdi.c.obj</name>
      </input_file>
      <input_file id="fl-54">
         <path>C:\Software\ccs83\ccsv8\tools\compiler\ti-cgt-msp430_18.1.4.LTS\lib\</path>
         <kind>archive</kind>
         <file>rts430x_lc_sd_eabi.lib</file>
         <name>fixdli.c.obj</name>
      </input_file>
      <input_file id="fl-55">
         <path>C:\Software\ccs83\ccsv8\tools\compiler\ti-cgt-msp430_18.1.4.LTS\lib\</path>
         <kind>archive</kind>
         <file>rts430x_lc_sd_eabi.lib</file>
         <name>fltid.c.obj</name>
      </input_file>
      <input_file id="fl-56">
         <path>C:\Software\ccs83\ccsv8\tools\compiler\ti-cgt-msp430_18.1.4.LTS\lib\</path>
         <kind>archive</kind>
         <file>rts430x_lc_sd_eabi.lib</file>
         <name>fltlid.c.obj</name>
      </input_file>
      <input_file id="fl-57">
         <path>C:\Software\ccs83\ccsv8\tools\compiler\ti-cgt-msp430_18.1.4.LTS\lib\</path>
         <kind>archive</kind>
         <file>rts430x_lc_sd_eabi.lib</file>
         <name>frcdivd.c.obj</name>
      </input_file>
      <input_file id="fl-58">
         <path>C:\Software\ccs83\ccsv8\tools\compiler\ti-cgt-msp430_18.1.4.LTS\lib\</path>
         <kind>archive</kind>
         <file>rts430x_lc_sd_eabi.lib</file>
         <name>mpyd.c.obj</name>
      </input_file>
      <input_file id="fl-59">
         <path>C:\Software\ccs83\ccsv8\tools\compiler\ti-cgt-msp430_18.1.4.LTS\lib\</path>
         <kind>archive</kind>
         <file>rts430x_lc_sd_eabi.lib</file>
         <name>subd.c.obj</name>
      </input_file>
      <input_file id="fl-5a">
         <path>C:\Software\ccs83\ccsv8\tools\compiler\ti-cgt-msp430_18.1.4.LTS\lib\</path>
         <kind>archive</kind>
         <file>rts430x_lc_sd_eabi.lib</file>
         <name>exit.c.obj</name>
      </input_file>
      <input_file id="fl-5b">
         <path>C:\Software\ccs83\ccsv8\tools\compiler\ti-cgt-msp430_18.1.4.LTS\lib\</path>
         <kind>archive</kind>
         <file>rts430x_lc_sd_eabi.lib</file>
         <name>_lock.c.obj</name>
      </input_file>
      <input_file id="fl-5c">
         <path>C:\Software\ccs83\ccsv8\tools\compiler\ti-cgt-msp430_18.1.4.LTS\lib\</path>
         <kind>archive</kind>
         <file>rts430x_lc_sd_eabi.lib</file>
         <name>args_main.c.obj</name>
      </input_file>
      <input_file id="fl-5d">
         <path>C:\Software\ccs83\ccsv8\tools\compiler\ti-cgt-msp430_18.1.4.LTS\lib\</path>
         <kind>archive</kind>
         <file>rts430x_lc_sd_eabi.lib</file>
         <name>memcpy.c.obj</name>
      </input_file>
      <input_file id="fl-5e">
         <path>C:\Software\ccs83\ccsv8\tools\compiler\ti-cgt-msp430_18.1.4.LTS\lib\</path>
         <kind>archive</kind>
         <file>rts430x_lc_sd_eabi.lib</file>
         <name>sprintf.c.obj</name>
      </input_file>
      <input_file id="fl-5f">
         <path>C:\Software\ccs83\ccsv8\tools\compiler\ti-cgt-msp430_18.1.4.LTS\lib\</path>
         <kind>archive</kind>
         <file>rts430x_lc_sd_eabi.lib</file>
         <name>sscanf.c.obj</name>
      </input_file>
      <input_file id="fl-60">
         <path>C:\Software\ccs83\ccsv8\tools\compiler\ti-cgt-msp430_18.1.4.LTS\lib\</path>
         <kind>archive</kind>
         <file>rts430x_lc_sd_eabi.lib</file>
         <name>strlen.c.obj</name>
      </input_file>
      <input_file id="fl-61">
         <path>C:\Software\ccs83\ccsv8\tools\compiler\ti-cgt-msp430_18.1.4.LTS\lib\</path>
         <kind>archive</kind>
         <file>rts430x_lc_sd_eabi.lib</file>
         <name>asr32.asm.obj</name>
      </input_file>
      <input_file id="fl-62">
         <path>C:\Software\ccs83\ccsv8\tools\compiler\ti-cgt-msp430_18.1.4.LTS\lib\</path>
         <kind>archive</kind>
         <file>rts430x_lc_sd_eabi.lib</file>
         <name>cpy_util.asm.obj</name>
      </input_file>
      <input_file id="fl-63">
         <path>C:\Software\ccs83\ccsv8\tools\compiler\ti-cgt-msp430_18.1.4.LTS\lib\</path>
         <kind>archive</kind>
         <file>rts430x_lc_sd_eabi.lib</file>
         <name>lsl32.asm.obj</name>
      </input_file>
      <input_file id="fl-64">
         <path>C:\Software\ccs83\ccsv8\tools\compiler\ti-cgt-msp430_18.1.4.LTS\lib\</path>
         <kind>archive</kind>
         <file>rts430x_lc_sd_eabi.lib</file>
         <name>lsr32.asm.obj</name>
      </input_file>
      <input_file id="fl-65">
         <path>C:\Software\ccs83\ccsv8\tools\compiler\ti-cgt-msp430_18.1.4.LTS\lib\</path>
         <kind>archive</kind>
         <file>rts430x_lc_sd_eabi.lib</file>
         <name>mult16.asm.obj</name>
      </input_file>
      <input_file id="fl-66">
         <path>C:\Software\ccs83\ccsv8\tools\compiler\ti-cgt-msp430_18.1.4.LTS\lib\</path>
         <kind>archive</kind>
         <file>rts430x_lc_sd_eabi.lib</file>
         <name>exit_gvars.c.obj</name>
      </input_file>
      <input_file id="fl-67">
         <path>C:\Software\ccs83\ccsv8\tools\compiler\ti-cgt-msp430_18.1.4.LTS\lib\</path>
         <kind>archive</kind>
         <file>rts430x_lc_sd_eabi.lib</file>
         <name>lsr64.c.obj</name>
      </input_file>
      <input_file id="fl-68">
         <path>C:\Software\ccs83\ccsv8\tools\compiler\ti-cgt-msp430_18.1.4.LTS\lib\</path>
         <kind>archive</kind>
         <file>rts430x_lc_sd_eabi.lib</file>
         <name>addd.c.obj</name>
      </input_file>
      <input_file id="fl-69">
         <path>C:\Software\ccs83\ccsv8\tools\compiler\ti-cgt-msp430_18.1.4.LTS\lib\</path>
         <kind>archive</kind>
         <file>rts430x_lc_sd_eabi.lib</file>
         <name>frcaddd.c.obj</name>
      </input_file>
      <input_file id="fl-6a">
         <path>C:\Software\ccs83\ccsv8\tools\compiler\ti-cgt-msp430_18.1.4.LTS\lib\</path>
         <kind>archive</kind>
         <file>rts430x_lc_sd_eabi.lib</file>
         <name>frcmpyd.c.obj</name>
      </input_file>
      <input_file id="fl-6b">
         <path>C:\Software\ccs83\ccsv8\tools\compiler\ti-cgt-msp430_18.1.4.LTS\lib\</path>
         <kind>archive</kind>
         <file>rts430x_lc_sd_eabi.lib</file>
         <name>renormd.c.obj</name>
      </input_file>
      <input_file id="fl-6c">
         <path>C:\Software\ccs83\ccsv8\tools\compiler\ti-cgt-msp430_18.1.4.LTS\lib\</path>
         <kind>archive</kind>
         <file>rts430x_lc_sd_eabi.lib</file>
         <name>_printfi_min.c.obj</name>
      </input_file>
      <input_file id="fl-6d">
         <path>C:\Software\ccs83\ccsv8\tools\compiler\ti-cgt-msp430_18.1.4.LTS\lib\</path>
         <kind>archive</kind>
         <file>rts430x_lc_sd_eabi.lib</file>
         <name>_scanfi_min.c.obj</name>
      </input_file>
      <input_file id="fl-6e">
         <path>C:\Software\ccs83\ccsv8\tools\compiler\ti-cgt-msp430_18.1.4.LTS\lib\</path>
         <kind>archive</kind>
         <file>rts430x_lc_sd_eabi.lib</file>
         <name>isspace.c.obj</name>
      </input_file>
      <input_file id="fl-6f">
         <path>C:\Software\ccs83\ccsv8\tools\compiler\ti-cgt-msp430_18.1.4.LTS\lib\</path>
         <kind>archive</kind>
         <file>rts430x_lc_sd_eabi.lib</file>
         <name>isxdigit.c.obj</name>
      </input_file>
      <input_file id="fl-70">
         <path>C:\Software\ccs83\ccsv8\tools\compiler\ti-cgt-msp430_18.1.4.LTS\lib\</path>
         <kind>archive</kind>
         <file>rts430x_lc_sd_eabi.lib</file>
         <name>memccpy.c.obj</name>
      </input_file>
      <input_file id="fl-71">
         <path>C:\Software\ccs83\ccsv8\tools\compiler\ti-cgt-msp430_18.1.4.LTS\lib\</path>
         <kind>archive</kind>
         <file>rts430x_lc_sd_eabi.lib</file>
         <name>memset.c.obj</name>
      </input_file>
      <input_file id="fl-72">
         <path>C:\Software\ccs83\ccsv8\tools\compiler\ti-cgt-msp430_18.1.4.LTS\lib\</path>
         <kind>archive</kind>
         <file>rts430x_lc_sd_eabi.lib</file>
         <name>strchr.c.obj</name>
      </input_file>
      <input_file id="fl-73">
         <path>C:\Software\ccs83\ccsv8\tools\compiler\ti-cgt-msp430_18.1.4.LTS\lib\</path>
         <kind>archive</kind>
         <file>rts430x_lc_sd_eabi.lib</file>
         <name>strtol.c.obj</name>
      </input_file>
      <input_file id="fl-74">
         <path>C:\Software\ccs83\ccsv8\tools\compiler\ti-cgt-msp430_18.1.4.LTS\lib\</path>
         <kind>archive</kind>
         <file>rts430x_lc_sd_eabi.lib</file>
         <name>strtoul.c.obj</name>
      </input_file>
      <input_file id="fl-75">
         <path>C:\Software\ccs83\ccsv8\tools\compiler\ti-cgt-msp430_18.1.4.LTS\lib\</path>
         <kind>archive</kind>
         <file>rts430x_lc_sd_eabi.lib</file>
         <name>errno.c.obj</name>
      </input_file>
      <input_file id="fl-76">
         <path>C:\Software\ccs83\ccsv8\tools\compiler\ti-cgt-msp430_18.1.4.LTS\lib\</path>
         <kind>archive</kind>
         <file>rts430x_lc_sd_eabi.lib</file>
         <name>ctype.c.obj</name>
      </input_file>
   </input_file_list>
   <object_component_list>
      <object_component id="oc-7b7">
         <name>__TI_handler_table</name>
         <load_address>0xc400</load_address>
         <run_address>0xc400</run_address>
         <size>0xc</size>
      </object_component>
      <object_component id="oc-7ba">
         <name>.cinit..data.load</name>
         <load_address>0xc40c</load_address>
         <run_address>0xc40c</run_address>
         <size>0x7</size>
      </object_component>
      <object_component id="oc-7b9">
         <name>.cinit..bss.load</name>
         <load_address>0xc414</load_address>
         <run_address>0xc414</run_address>
         <size>0x6</size>
      </object_component>
      <object_component id="oc-7b8">
         <name>__TI_cinit_table</name>
         <load_address>0xc41a</load_address>
         <run_address>0xc41a</run_address>
         <size>0x10</size>
      </object_component>
      <object_component id="oc-74f">
         <name>.binit</name>
         <load_address>0xc42a</load_address>
         <run_address>0xc42a</run_address>
         <size>0x0</size>
      </object_component>
      <object_component id="oc-6da">
         <name>.const:.string:_ctypes_</name>
         <load_address>0xc42a</load_address>
         <run_address>0xc42a</run_address>
         <size>0x101</size>
         <input_file_ref idref="fl-76"/>
      </object_component>
      <object_component id="oc-66b">
         <name>.const:alphabetBig</name>
         <load_address>0xc52c</load_address>
         <run_address>0xc52c</run_address>
         <size>0x34</size>
         <input_file_ref idref="fl-2"/>
      </object_component>
      <object_component id="oc-3d5">
         <name>.const:.string</name>
         <load_address>0xc560</load_address>
         <run_address>0xc560</run_address>
         <size>0x2c</size>
         <input_file_ref idref="fl-3"/>
      </object_component>
      <object_component id="oc-505">
         <name>.const:GPIO_PORT_TO_BASE</name>
         <load_address>0xc58c</load_address>
         <run_address>0xc58c</run_address>
         <size>0x1c</size>
         <input_file_ref idref="fl-d"/>
      </object_component>
      <object_component id="oc-709">
         <name>.const:.string</name>
         <load_address>0xc5a8</load_address>
         <run_address>0xc5a8</run_address>
         <size>0x14</size>
         <input_file_ref idref="fl-6c"/>
      </object_component>
      <object_component id="oc-66e">
         <name>.const:digit</name>
         <load_address>0xc5bc</load_address>
         <run_address>0xc5bc</run_address>
         <size>0x14</size>
         <input_file_ref idref="fl-2"/>
      </object_component>
      <object_component id="oc-49e">
         <name>.const:$P$T0$1</name>
         <load_address>0xc5d0</load_address>
         <run_address>0xc5d0</run_address>
         <size>0x10</size>
         <input_file_ref idref="fl-3"/>
      </object_component>
      <object_component id="oc-4c5">
         <name>.const:$P$T0$1</name>
         <load_address>0xc5e0</load_address>
         <run_address>0xc5e0</run_address>
         <size>0xa</size>
         <input_file_ref idref="fl-2"/>
      </object_component>
      <object_component id="oc-6ed">
         <name>.const:.string:flit$1</name>
         <load_address>0xc5ea</load_address>
         <run_address>0xc5ea</run_address>
         <size>0x7</size>
         <input_file_ref idref="fl-6d"/>
      </object_component>
      <object_component id="oc-566">
         <name>.const:.string:$P$T1$2</name>
         <load_address>0xc5f2</load_address>
         <run_address>0xc5f2</run_address>
         <size>0x6</size>
         <input_file_ref idref="fl-2"/>
      </object_component>
      <object_component id="oc-6f4">
         <name>.const:.string:barr$2</name>
         <load_address>0xc5f8</load_address>
         <run_address>0xc5f8</run_address>
         <size>0x6</size>
         <input_file_ref idref="fl-6d"/>
      </object_component>
      <object_component id="oc-32f">
         <name>.text:main</name>
         <load_address>0xc5fe</load_address>
         <run_address>0xc5fe</run_address>
         <size>0x7bc</size>
         <input_file_ref idref="fl-3"/>
      </object_component>
      <object_component id="oc-532">
         <name>.text:__TI_frcdivd</name>
         <load_address>0xcdba</load_address>
         <run_address>0xcdba</run_address>
         <size>0x466</size>
         <input_file_ref idref="fl-57"/>
      </object_component>
      <object_component id="oc-555">
         <name>.text:__TI_scanfi_minimal</name>
         <load_address>0xd220</load_address>
         <run_address>0xd220</run_address>
         <size>0x2f8</size>
         <input_file_ref idref="fl-6d"/>
      </object_component>
      <object_component id="oc-52b">
         <name>.text:__mspabi_addd</name>
         <load_address>0xd518</load_address>
         <run_address>0xd518</run_address>
         <size>0x2de</size>
         <input_file_ref idref="fl-68"/>
      </object_component>
      <object_component id="oc-51e">
         <name>.text:__TI_frcmpyd</name>
         <load_address>0xd7f6</load_address>
         <run_address>0xd7f6</run_address>
         <size>0x280</size>
         <input_file_ref idref="fl-6a"/>
      </object_component>
      <object_component id="oc-3b1">
         <name>.text:__mspabi_mpyd</name>
         <load_address>0xda76</load_address>
         <run_address>0xda76</run_address>
         <size>0x264</size>
         <input_file_ref idref="fl-58"/>
      </object_component>
      <object_component id="oc-621">
         <name>.text:__TI_frcaddd</name>
         <load_address>0xdcda</load_address>
         <run_address>0xdcda</run_address>
         <size>0x248</size>
         <input_file_ref idref="fl-69"/>
      </object_component>
      <object_component id="oc-3bd">
         <name>.text:__mspabi_divd</name>
         <load_address>0xdf22</load_address>
         <run_address>0xdf22</run_address>
         <size>0x220</size>
         <input_file_ref idref="fl-52"/>
      </object_component>
      <object_component id="oc-647">
         <name>.text:strtol</name>
         <load_address>0xe142</load_address>
         <run_address>0xe142</run_address>
         <size>0x206</size>
         <input_file_ref idref="fl-73"/>
      </object_component>
      <object_component id="oc-653">
         <name>.text:_sproc_int</name>
         <load_address>0xe348</load_address>
         <run_address>0xe348</run_address>
         <size>0x1c0</size>
         <input_file_ref idref="fl-6d"/>
      </object_component>
      <object_component id="oc-641">
         <name>.text:strtoul</name>
         <load_address>0xe508</load_address>
         <run_address>0xe508</run_address>
         <size>0x194</size>
         <input_file_ref idref="fl-74"/>
      </object_component>
      <object_component id="oc-674">
         <name>.text:_setfield</name>
         <load_address>0xe69c</load_address>
         <run_address>0xe69c</run_address>
         <size>0x10e</size>
         <input_file_ref idref="fl-6c"/>
      </object_component>
      <object_component id="oc-64">
         <name>.text:decompress:lzss:__TI_decompress_lzss</name>
         <load_address>0xe7aa</load_address>
         <run_address>0xe7aa</run_address>
         <size>0xee</size>
         <input_file_ref idref="fl-51"/>
      </object_component>
      <object_component id="oc-57c">
         <name>.text:__TI_printfi_minimal</name>
         <load_address>0xe898</load_address>
         <run_address>0xe898</run_address>
         <size>0xe4</size>
         <input_file_ref idref="fl-6c"/>
      </object_component>
      <object_component id="oc-3ee">
         <name>.text:displayScrollText</name>
         <load_address>0xe97c</load_address>
         <run_address>0xe97c</run_address>
         <size>0xd6</size>
         <input_file_ref idref="fl-2"/>
      </object_component>
      <object_component id="oc-388">
         <name>.text:Init_LCD</name>
         <load_address>0xea52</load_address>
         <run_address>0xea52</run_address>
         <size>0xd2</size>
         <input_file_ref idref="fl-2"/>
      </object_component>
      <object_component id="oc-36a">
         <name>.text:Init_GPIO</name>
         <load_address>0xeb24</load_address>
         <run_address>0xeb24</run_address>
         <size>0xcc</size>
         <input_file_ref idref="fl-3"/>
      </object_component>
      <object_component id="oc-491">
         <name>.text:CS_initClockSignal</name>
         <load_address>0xebf0</load_address>
         <run_address>0xebf0</run_address>
         <size>0xc8</size>
         <input_file_ref idref="fl-6"/>
      </object_component>
      <object_component id="oc-70a">
         <name>.text:_pproc_diouxp</name>
         <load_address>0xecb8</load_address>
         <run_address>0xecb8</run_address>
         <size>0xc4</size>
         <input_file_ref idref="fl-6c"/>
      </object_component>
      <object_component id="oc-6cc">
         <name>.text:__TI_renormd</name>
         <load_address>0xed7c</load_address>
         <run_address>0xed7c</run_address>
         <size>0xb2</size>
         <input_file_ref idref="fl-6b"/>
      </object_component>
      <object_component id="oc-4ec">
         <name>.text:LCD_E_setPinAsCOM</name>
         <load_address>0xee2e</load_address>
         <run_address>0xee2e</run_address>
         <size>0x9e</size>
         <input_file_ref idref="fl-f"/>
      </object_component>
      <object_component id="oc-517">
         <name>.text:__mspabi_fltlid</name>
         <load_address>0xeecc</load_address>
         <run_address>0xeecc</run_address>
         <size>0x9e</size>
         <input_file_ref idref="fl-56"/>
      </object_component>
      <object_component id="oc-4a7">
         <name>.text:EUSCI_A_UART_init</name>
         <load_address>0xef6a</load_address>
         <run_address>0xef6a</run_address>
         <size>0x90</size>
         <input_file_ref idref="fl-9"/>
      </object_component>
      <object_component id="oc-382">
         <name>.text:Init_UART</name>
         <load_address>0xeffa</load_address>
         <run_address>0xeffa</run_address>
         <size>0x80</size>
         <input_file_ref idref="fl-3"/>
      </object_component>
      <object_component id="oc-4bf">
         <name>.text:LCD_E_setPinAsLCDFunctionEx</name>
         <load_address>0xf07a</load_address>
         <run_address>0xf07a</run_address>
         <size>0x80</size>
         <input_file_ref idref="fl-f"/>
      </object_component>
      <object_component id="oc-569">
         <name>.text:showChar</name>
         <load_address>0xf0fa</load_address>
         <run_address>0xf0fa</run_address>
         <size>0x7a</size>
         <input_file_ref idref="fl-2"/>
      </object_component>
      <object_component id="oc-54f">
         <name>.text:_chkmbc</name>
         <load_address>0xf174</load_address>
         <run_address>0xf174</run_address>
         <size>0x72</size>
         <input_file_ref idref="fl-5f"/>
      </object_component>
      <object_component id="oc-436">
         <name>.text:__TI_auto_init_nobinit_nopinit_hold_wdt:__TI_auto_init_nobinit_nopinit_hold_wdt</name>
         <load_address>0xf1e6</load_address>
         <run_address>0xf1e6</run_address>
         <size>0x6a</size>
         <input_file_ref idref="fl-4a"/>
      </object_component>
      <object_component id="oc-53a">
         <name>.text:__mspabi_fixdli</name>
         <load_address>0xf250</load_address>
         <run_address>0xf250</run_address>
         <size>0x66</size>
         <input_file_ref idref="fl-54"/>
      </object_component>
      <object_component id="oc-6df">
         <name>.text</name>
         <load_address>0xf2b6</load_address>
         <run_address>0xf2b6</run_address>
         <size>0x58</size>
         <input_file_ref idref="fl-38"/>
      </object_component>
      <object_component id="oc-376">
         <name>.text:Init_ADC</name>
         <load_address>0xf30e</load_address>
         <run_address>0xf30e</run_address>
         <size>0x56</size>
         <input_file_ref idref="fl-3"/>
      </object_component>
      <object_component id="oc-3ff">
         <name>.text:Timer_A_outputPWM</name>
         <load_address>0xf364</load_address>
         <run_address>0xf364</run_address>
         <size>0x50</size>
         <input_file_ref idref="fl-17"/>
      </object_component>
      <object_component id="oc-3cf">
         <name>.text:start_I2</name>
         <load_address>0xf3b4</load_address>
         <run_address>0xf3b4</run_address>
         <size>0x4c</size>
         <input_file_ref idref="fl-3"/>
      </object_component>
      <object_component id="oc-40b">
         <name>.text:start_I1</name>
         <load_address>0xf400</load_address>
         <run_address>0xf400</run_address>
         <size>0x44</size>
         <input_file_ref idref="fl-3"/>
      </object_component>
      <object_component id="oc-405">
         <name>.text:start_V1</name>
         <load_address>0xf444</load_address>
         <run_address>0xf444</run_address>
         <size>0x44</size>
         <input_file_ref idref="fl-3"/>
      </object_component>
      <object_component id="oc-3c9">
         <name>.text:start_V2</name>
         <load_address>0xf488</load_address>
         <run_address>0xf488</run_address>
         <size>0x44</size>
         <input_file_ref idref="fl-3"/>
      </object_component>
      <object_component id="oc-3a0">
         <name>.text:stop_motor</name>
         <load_address>0xf4cc</load_address>
         <run_address>0xf4cc</run_address>
         <size>0x44</size>
         <input_file_ref idref="fl-3"/>
      </object_component>
      <object_component id="oc-28a">
         <name>.text:__memcpy_far</name>
         <load_address>0xf510</load_address>
         <run_address>0xf510</run_address>
         <size>0x40</size>
         <input_file_ref idref="fl-62"/>
      </object_component>
      <object_component id="oc-37c">
         <name>.text:Init_Clock</name>
         <load_address>0xf550</load_address>
         <run_address>0xf550</run_address>
         <size>0x3e</size>
         <input_file_ref idref="fl-3"/>
      </object_component>
      <object_component id="oc-2a7">
         <name>.text:decompress:ZI:__TI_zero_init_nomemset:__TI_zero_init_nomemset</name>
         <load_address>0xf58e</load_address>
         <run_address>0xf58e</run_address>
         <size>0x3e</size>
         <input_file_ref idref="fl-4b"/>
      </object_component>
      <object_component id="oc-613">
         <name>.text:l_asr_const</name>
         <load_address>0xf5cc</load_address>
         <run_address>0xf5cc</run_address>
         <size>0x3e</size>
         <input_file_ref idref="fl-61"/>
      </object_component>
      <object_component id="oc-607">
         <name>.text:l_lsl_const</name>
         <load_address>0xf60a</load_address>
         <run_address>0xf60a</run_address>
         <size>0x3e</size>
         <input_file_ref idref="fl-63"/>
      </object_component>
      <object_component id="oc-60c">
         <name>.text:l_lsr_const</name>
         <load_address>0xf648</load_address>
         <run_address>0xf648</run_address>
         <size>0x3e</size>
         <input_file_ref idref="fl-64"/>
      </object_component>
      <object_component id="oc-6a">
         <name>.text:decompress:none:__TI_decompress_none</name>
         <load_address>0xf686</load_address>
         <run_address>0xf686</run_address>
         <size>0x3c</size>
         <input_file_ref idref="fl-50"/>
      </object_component>
      <object_component id="oc-3f4">
         <name>.text:sprintf</name>
         <load_address>0xf6c2</load_address>
         <run_address>0xf6c2</run_address>
         <size>0x38</size>
         <input_file_ref idref="fl-5e"/>
      </object_component>
      <object_component id="oc-2a1">
         <name>.text:_isr:EUSCIA0_ISR</name>
         <load_address>0xf6fa</load_address>
         <run_address>0xf6fa</run_address>
         <size>0x36</size>
         <input_file_ref idref="fl-3"/>
      </object_component>
      <object_component id="oc-46c">
         <name>.text:ADC_init</name>
         <load_address>0xf730</load_address>
         <run_address>0xf730</run_address>
         <size>0x34</size>
         <input_file_ref idref="fl-4"/>
      </object_component>
      <object_component id="oc-466">
         <name>.text:GPIO_setAsPeripheralModuleFunctionInputPin</name>
         <load_address>0xf764</load_address>
         <run_address>0xf764</run_address>
         <size>0x34</size>
         <input_file_ref idref="fl-d"/>
      </object_component>
      <object_component id="oc-45f">
         <name>.text:GPIO_setAsPeripheralModuleFunctionOutputPin</name>
         <load_address>0xf798</load_address>
         <run_address>0xf798</run_address>
         <size>0x34</size>
         <input_file_ref idref="fl-d"/>
      </object_component>
      <object_component id="oc-47e">
         <name>.text:ADC_configureMemory</name>
         <load_address>0xf7cc</load_address>
         <run_address>0xf7cc</run_address>
         <size>0x30</size>
         <input_file_ref idref="fl-4"/>
      </object_component>
      <object_component id="oc-497">
         <name>.text:CS_turnOnXT1LF</name>
         <load_address>0xf7fc</load_address>
         <run_address>0xf7fc</run_address>
         <size>0x30</size>
         <input_file_ref idref="fl-6"/>
      </object_component>
      <object_component id="oc-29b">
         <name>.text:_isr:ADC_ISR</name>
         <load_address>0xf82c</load_address>
         <run_address>0xf82c</run_address>
         <size>0x30</size>
         <input_file_ref idref="fl-3"/>
      </object_component>
      <object_component id="oc-370">
         <name>.text:Init_PWM</name>
         <load_address>0xf85c</load_address>
         <run_address>0xf85c</run_address>
         <size>0x2e</size>
         <input_file_ref idref="fl-3"/>
      </object_component>
      <object_component id="oc-3b7">
         <name>.text:__mspabi_subd</name>
         <load_address>0xf88a</load_address>
         <run_address>0xf88a</run_address>
         <size>0x2e</size>
         <input_file_ref idref="fl-59"/>
      </object_component>
      <object_component id="oc-3a6">
         <name>.text</name>
         <load_address>0xf8b8</load_address>
         <run_address>0xf8b8</run_address>
         <size>0x2c</size>
         <input_file_ref idref="fl-35"/>
      </object_component>
      <object_component id="oc-4c8">
         <name>.text:LCD_E_init</name>
         <load_address>0xf8e4</load_address>
         <run_address>0xf8e4</run_address>
         <size>0x28</size>
         <input_file_ref idref="fl-f"/>
      </object_component>
      <object_component id="oc-3c3">
         <name>.text:__mspabi_fixdi</name>
         <load_address>0xf90c</load_address>
         <run_address>0xf90c</run_address>
         <size>0x28</size>
         <input_file_ref idref="fl-53"/>
      </object_component>
      <object_component id="oc-3d6">
         <name>.text:sscanf</name>
         <load_address>0xf934</load_address>
         <run_address>0xf934</run_address>
         <size>0x28</size>
         <input_file_ref idref="fl-5f"/>
      </object_component>
      <object_component id="oc-618">
         <name>.text</name>
         <load_address>0xf95c</load_address>
         <run_address>0xf95c</run_address>
         <size>0x26</size>
         <input_file_ref idref="fl-48"/>
      </object_component>
      <object_component id="oc-458">
         <name>.text:GPIO_setAsInputPinWithPullUpResistor</name>
         <load_address>0xf982</load_address>
         <run_address>0xf982</run_address>
         <size>0x22</size>
         <input_file_ref idref="fl-d"/>
      </object_component>
      <object_component id="oc-5ef">
         <name>.text:setLCDFunction</name>
         <load_address>0xf9a4</load_address>
         <run_address>0xf9a4</run_address>
         <size>0x20</size>
         <input_file_ref idref="fl-f"/>
      </object_component>
      <object_component id="oc-394">
         <name>.text:GPIO_setAsInputPin</name>
         <load_address>0xf9c4</load_address>
         <run_address>0xf9c4</run_address>
         <size>0x1e</size>
         <input_file_ref idref="fl-d"/>
      </object_component>
      <object_component id="oc-2b9">
         <name>.text:_isr:_c_int00_noargs</name>
         <load_address>0xf9e2</load_address>
         <run_address>0xf9e2</run_address>
         <size>0x1c</size>
         <input_file_ref idref="fl-49"/>
      </object_component>
      <object_component id="oc-4b3">
         <name>.text:EUSCI_A_UART_enableInterrupt</name>
         <load_address>0xf9fe</load_address>
         <run_address>0xf9fe</run_address>
         <size>0x1a</size>
         <input_file_ref idref="fl-9"/>
      </object_component>
      <object_component id="oc-3dc">
         <name>.text:GPIO_getInputPinValue</name>
         <load_address>0xfa18</load_address>
         <run_address>0xfa18</run_address>
         <size>0x1a</size>
         <input_file_ref idref="fl-d"/>
      </object_component>
      <object_component id="oc-39a">
         <name>.text:GPIO_setAsOutputPin</name>
         <load_address>0xfa32</load_address>
         <run_address>0xfa32</run_address>
         <size>0x1a</size>
         <input_file_ref idref="fl-d"/>
      </object_component>
      <object_component id="oc-710">
         <name>.text:memccpy</name>
         <load_address>0xfa4c</load_address>
         <run_address>0xfa4c</run_address>
         <size>0x1a</size>
         <input_file_ref idref="fl-70"/>
      </object_component>
      <object_component id="oc-6ee">
         <name>.text:strchr</name>
         <load_address>0xfa66</load_address>
         <run_address>0xfa66</run_address>
         <size>0x1a</size>
         <input_file_ref idref="fl-72"/>
      </object_component>
      <object_component id="oc-570">
         <name>.text:_outs</name>
         <load_address>0xfa80</load_address>
         <run_address>0xfa80</run_address>
         <size>0x18</size>
         <input_file_ref idref="fl-5e"/>
      </object_component>
      <object_component id="oc-3e2">
         <name>.text:ADC_startConversion</name>
         <load_address>0xfa98</load_address>
         <run_address>0xfa98</run_address>
         <size>0x16</size>
         <input_file_ref idref="fl-4"/>
      </object_component>
      <object_component id="oc-50a">
         <name>.text:GPIO_setOutputHighOnPin</name>
         <load_address>0xfaae</load_address>
         <run_address>0xfaae</run_address>
         <size>0x16</size>
         <input_file_ref idref="fl-d"/>
      </object_component>
      <object_component id="oc-452">
         <name>.text:GPIO_setOutputLowOnPin</name>
         <load_address>0xfac4</load_address>
         <run_address>0xfac4</run_address>
         <size>0x16</size>
         <input_file_ref idref="fl-d"/>
      </object_component>
      <object_component id="oc-364">
         <name>.text:WDT_A_hold</name>
         <load_address>0xfada</load_address>
         <run_address>0xfada</run_address>
         <size>0x16</size>
         <input_file_ref idref="fl-1a"/>
      </object_component>
      <object_component id="oc-511">
         <name>.text</name>
         <load_address>0xfaf0</load_address>
         <run_address>0xfaf0</run_address>
         <size>0x16</size>
         <input_file_ref idref="fl-36"/>
      </object_component>
      <object_component id="oc-478">
         <name>.text:ADC_setupSamplingTimer</name>
         <load_address>0xfb06</load_address>
         <run_address>0xfb06</run_address>
         <size>0x14</size>
         <input_file_ref idref="fl-4"/>
      </object_component>
      <object_component id="oc-315">
         <name>.text:EUSCI_A_UART_receiveData</name>
         <load_address>0xfb1a</load_address>
         <run_address>0xfb1a</run_address>
         <size>0x14</size>
         <input_file_ref idref="fl-9"/>
      </object_component>
      <object_component id="oc-31b">
         <name>.text:EUSCI_A_UART_transmitData</name>
         <load_address>0xfb2e</load_address>
         <run_address>0xfb2e</run_address>
         <size>0x14</size>
         <input_file_ref idref="fl-9"/>
      </object_component>
      <object_component id="oc-543">
         <name>.text:_inpchar</name>
         <load_address>0xfb42</load_address>
         <run_address>0xfb42</run_address>
         <size>0x14</size>
         <input_file_ref idref="fl-5f"/>
      </object_component>
      <object_component id="oc-64d">
         <name>.text:memset</name>
         <load_address>0xfb56</load_address>
         <run_address>0xfb56</run_address>
         <size>0x14</size>
         <input_file_ref idref="fl-71"/>
      </object_component>
      <object_component id="oc-629">
         <name>.text</name>
         <load_address>0xfb6a</load_address>
         <run_address>0xfb6a</run_address>
         <size>0x14</size>
         <input_file_ref idref="fl-65"/>
      </object_component>
      <object_component id="oc-4ce">
         <name>.text:LCD_E_setVLCDSource</name>
         <load_address>0xfb7e</load_address>
         <run_address>0xfb7e</run_address>
         <size>0x12</size>
         <input_file_ref idref="fl-f"/>
      </object_component>
      <object_component id="oc-576">
         <name>.text:_outc</name>
         <load_address>0xfb90</load_address>
         <run_address>0xfb90</run_address>
         <size>0x12</size>
         <input_file_ref idref="fl-5e"/>
      </object_component>
      <object_component id="oc-4a1">
         <name>.text:memcpy</name>
         <load_address>0xfba2</load_address>
         <run_address>0xfba2</run_address>
         <size>0x12</size>
         <input_file_ref idref="fl-5d"/>
      </object_component>
      <object_component id="oc-6c7">
         <name>.text:l_asr</name>
         <load_address>0xfbb4</load_address>
         <run_address>0xfbb4</run_address>
         <size>0x10</size>
         <input_file_ref idref="fl-61"/>
      </object_component>
      <object_component id="oc-6c2">
         <name>.text:l_lsl</name>
         <load_address>0xfbc4</load_address>
         <run_address>0xfbc4</run_address>
         <size>0x10</size>
         <input_file_ref idref="fl-63"/>
      </object_component>
      <object_component id="oc-632">
         <name>.text:l_lsr</name>
         <load_address>0xfbd4</load_address>
         <run_address>0xfbd4</run_address>
         <size>0x10</size>
         <input_file_ref idref="fl-64"/>
      </object_component>
      <object_component id="oc-560">
         <name>.text:strlen</name>
         <load_address>0xfbe4</load_address>
         <run_address>0xfbe4</run_address>
         <size>0xe</size>
         <input_file_ref idref="fl-60"/>
      </object_component>
      <object_component id="oc-4f8">
         <name>.text:LCD_E_on</name>
         <load_address>0xfbf2</load_address>
         <run_address>0xfbf2</run_address>
         <size>0xc</size>
         <input_file_ref idref="fl-f"/>
      </object_component>
      <object_component id="oc-4e0">
         <name>.text:LCD_E_setChargePumpFreq</name>
         <load_address>0xfbfe</load_address>
         <run_address>0xfbfe</run_address>
         <size>0xc</size>
         <input_file_ref idref="fl-f"/>
      </object_component>
      <object_component id="oc-4d4">
         <name>.text:LCD_E_setVLCDVoltage</name>
         <load_address>0xfc0a</load_address>
         <run_address>0xfc0a</run_address>
         <size>0xc</size>
         <input_file_ref idref="fl-f"/>
      </object_component>
      <object_component id="oc-3ab">
         <name>.text:__mspabi_fltid</name>
         <load_address>0xfc16</load_address>
         <run_address>0xfc16</run_address>
         <size>0xc</size>
         <input_file_ref idref="fl-55"/>
      </object_component>
      <object_component id="oc-48b">
         <name>.text:CS_setExternalClockSource</name>
         <load_address>0xfc22</load_address>
         <run_address>0xfc22</run_address>
         <size>0xa</size>
         <input_file_ref idref="fl-6"/>
      </object_component>
      <object_component id="oc-4f2">
         <name>.text:LCD_E_selectDisplayMemory</name>
         <load_address>0xfc2c</load_address>
         <run_address>0xfc2c</run_address>
         <size>0xa</size>
         <input_file_ref idref="fl-f"/>
      </object_component>
      <object_component id="oc-6f5">
         <name>.text:isxdigit</name>
         <load_address>0xfc36</load_address>
         <run_address>0xfc36</run_address>
         <size>0xa</size>
         <input_file_ref idref="fl-6f"/>
      </object_component>
      <object_component id="oc-5d5">
         <name>.text</name>
         <load_address>0xfc40</load_address>
         <run_address>0xfc40</run_address>
         <size>0xa</size>
         <input_file_ref idref="fl-46"/>
      </object_component>
      <object_component id="oc-5ea">
         <name>.text</name>
         <load_address>0xfc4a</load_address>
         <run_address>0xfc4a</run_address>
         <size>0xa</size>
         <input_file_ref idref="fl-47"/>
      </object_component>
      <object_component id="oc-472">
         <name>.text:ADC_enable</name>
         <load_address>0xfc54</load_address>
         <run_address>0xfc54</run_address>
         <size>0x8</size>
         <input_file_ref idref="fl-4"/>
      </object_component>
      <object_component id="oc-2ee">
         <name>.text:ADC_getInterruptStatus</name>
         <load_address>0xfc5c</load_address>
         <run_address>0xfc5c</run_address>
         <size>0x8</size>
         <input_file_ref idref="fl-4"/>
      </object_component>
      <object_component id="oc-309">
         <name>.text:EUSCI_A_UART_getInterruptStatus</name>
         <load_address>0xfc64</load_address>
         <run_address>0xfc64</run_address>
         <size>0x8</size>
         <input_file_ref idref="fl-9"/>
      </object_component>
      <object_component id="oc-4da">
         <name>.text:LCD_E_enableChargePump</name>
         <load_address>0xfc6c</load_address>
         <run_address>0xfc6c</run_address>
         <size>0x8</size>
         <input_file_ref idref="fl-f"/>
      </object_component>
      <object_component id="oc-3e8">
         <name>.text:Timer_A_stop</name>
         <load_address>0xfc74</load_address>
         <run_address>0xfc74</run_address>
         <size>0x8</size>
         <input_file_ref idref="fl-17"/>
      </object_component>
      <object_component id="oc-296">
         <name>.text:_isr:__TI_ISR_TRAP</name>
         <load_address>0xfc7c</load_address>
         <run_address>0xfc7c</run_address>
         <size>0x8</size>
         <input_file_ref idref="fl-45"/>
      </object_component>
      <object_component id="oc-63a">
         <name>.text:isspace</name>
         <load_address>0xfc84</load_address>
         <run_address>0xfc84</run_address>
         <size>0x8</size>
         <input_file_ref idref="fl-6e"/>
      </object_component>
      <object_component id="oc-2f4">
         <name>.text:ADC_clearInterrupt</name>
         <load_address>0xfc8c</load_address>
         <run_address>0xfc8c</run_address>
         <size>0x6</size>
         <input_file_ref idref="fl-4"/>
      </object_component>
      <object_component id="oc-484">
         <name>.text:ADC_enableInterrupt</name>
         <load_address>0xfc92</load_address>
         <run_address>0xfc92</run_address>
         <size>0x6</size>
         <input_file_ref idref="fl-4"/>
      </object_component>
      <object_component id="oc-2fd">
         <name>.text:ADC_getResults</name>
         <load_address>0xfc98</load_address>
         <run_address>0xfc98</run_address>
         <size>0x6</size>
         <input_file_ref idref="fl-4"/>
      </object_component>
      <object_component id="oc-30f">
         <name>.text:EUSCI_A_UART_clearInterrupt</name>
         <load_address>0xfc9e</load_address>
         <run_address>0xfc9e</run_address>
         <size>0x6</size>
         <input_file_ref idref="fl-9"/>
      </object_component>
      <object_component id="oc-4ad">
         <name>.text:EUSCI_A_UART_enable</name>
         <load_address>0xfca4</load_address>
         <run_address>0xfca4</run_address>
         <size>0x6</size>
         <input_file_ref idref="fl-9"/>
      </object_component>
      <object_component id="oc-4e6">
         <name>.text:LCD_E_clearAllMemory</name>
         <load_address>0xfcaa</load_address>
         <run_address>0xfcaa</run_address>
         <size>0x6</size>
         <input_file_ref idref="fl-f"/>
      </object_component>
      <object_component id="oc-38e">
         <name>.text:PMM_unlockLPM5</name>
         <load_address>0xfcb0</load_address>
         <run_address>0xfcb0</run_address>
         <size>0x6</size>
         <input_file_ref idref="fl-11"/>
      </object_component>
      <object_component id="oc-549">
         <name>.text:_uninpchar</name>
         <load_address>0xfcb6</load_address>
         <run_address>0xfcb6</run_address>
         <size>0x6</size>
         <input_file_ref idref="fl-5f"/>
      </object_component>
      <object_component id="oc-412">
         <name>.text:abort</name>
         <load_address>0xfcbc</load_address>
         <run_address>0xfcbc</run_address>
         <size>0x6</size>
         <input_file_ref idref="fl-5a"/>
      </object_component>
      <object_component id="oc-329">
         <name>.text:_system_pre_init</name>
         <load_address>0xfcc2</load_address>
         <run_address>0xfcc2</run_address>
         <size>0x4</size>
         <input_file_ref idref="fl-4e"/>
      </object_component>
      <object_component id="oc-5ad">
         <name>.text:_system_post_cinit</name>
         <load_address>0xfcc6</load_address>
         <run_address>0xfcc6</run_address>
         <size>0x2</size>
         <input_file_ref idref="fl-4f"/>
      </object_component>
      <object_component id="oc-3fa">
         <name>.common:param</name>
         <uninitialized>true</uninitialized>
         <run_address>0x2000</run_address>
         <size>0xc</size>
      </object_component>
      <object_component id="oc-2fa">
         <name>.data</name>
         <load_address>0x200c</load_address>
         <run_address>0x200c</run_address>
         <size>0x6</size>
         <input_file_ref idref="fl-3"/>
      </object_component>
      <object_component id="oc-5dc">
         <name>.data</name>
         <load_address>0x2012</load_address>
         <run_address>0x2012</run_address>
         <size>0x4</size>
         <input_file_ref idref="fl-6"/>
      </object_component>
      <object_component id="oc-6e4">
         <name>.data</name>
         <load_address>0x2016</load_address>
         <run_address>0x2016</run_address>
         <size>0x2</size>
         <input_file_ref idref="fl-75"/>
      </object_component>
      <object_component id="oc-27b">
         <name>.stack</name>
         <uninitialized>true</uninitialized>
         <run_address>0x2760</run_address>
         <size>0x2</size>
         <input_file_ref idref="fl-49"/>
      </object_component>
      <object_component id="oc-7bb">
         <name>.stack</name>
         <uninitialized>true</uninitialized>
         <run_address>0x2760</run_address>
         <size>0x0</size>
      </object_component>
      <object_component id="oc-70">
         <name>.int45</name>
         <load_address>0xffe2</load_address>
         <run_address>0xffe2</run_address>
         <size>0x2</size>
         <input_file_ref idref="fl-39"/>
      </object_component>
      <object_component id="oc-71">
         <name>.int46</name>
         <load_address>0xffe4</load_address>
         <run_address>0xffe4</run_address>
         <size>0x2</size>
         <input_file_ref idref="fl-3a"/>
      </object_component>
      <object_component id="oc-72">
         <name>.int47</name>
         <load_address>0xffe6</load_address>
         <run_address>0xffe6</run_address>
         <size>0x2</size>
         <input_file_ref idref="fl-3b"/>
      </object_component>
      <object_component id="oc-73">
         <name>.int48</name>
         <load_address>0xffe8</load_address>
         <run_address>0xffe8</run_address>
         <size>0x2</size>
         <input_file_ref idref="fl-3"/>
      </object_component>
      <object_component id="oc-74">
         <name>.int49</name>
         <load_address>0xffea</load_address>
         <run_address>0xffea</run_address>
         <size>0x2</size>
         <input_file_ref idref="fl-3c"/>
      </object_component>
      <object_component id="oc-75">
         <name>.int50</name>
         <load_address>0xffec</load_address>
         <run_address>0xffec</run_address>
         <size>0x2</size>
         <input_file_ref idref="fl-3"/>
      </object_component>
      <object_component id="oc-76">
         <name>.int51</name>
         <load_address>0xffee</load_address>
         <run_address>0xffee</run_address>
         <size>0x2</size>
         <input_file_ref idref="fl-3d"/>
      </object_component>
      <object_component id="oc-77">
         <name>.int52</name>
         <load_address>0xfff0</load_address>
         <run_address>0xfff0</run_address>
         <size>0x2</size>
         <input_file_ref idref="fl-3e"/>
      </object_component>
      <object_component id="oc-78">
         <name>.int53</name>
         <load_address>0xfff2</load_address>
         <run_address>0xfff2</run_address>
         <size>0x2</size>
         <input_file_ref idref="fl-3f"/>
      </object_component>
      <object_component id="oc-79">
         <name>.int54</name>
         <load_address>0xfff4</load_address>
         <run_address>0xfff4</run_address>
         <size>0x2</size>
         <input_file_ref idref="fl-40"/>
      </object_component>
      <object_component id="oc-7a">
         <name>.int55</name>
         <load_address>0xfff6</load_address>
         <run_address>0xfff6</run_address>
         <size>0x2</size>
         <input_file_ref idref="fl-41"/>
      </object_component>
      <object_component id="oc-7b">
         <name>.int56</name>
         <load_address>0xfff8</load_address>
         <run_address>0xfff8</run_address>
         <size>0x2</size>
         <input_file_ref idref="fl-42"/>
      </object_component>
      <object_component id="oc-7c">
         <name>.int57</name>
         <load_address>0xfffa</load_address>
         <run_address>0xfffa</run_address>
         <size>0x2</size>
         <input_file_ref idref="fl-43"/>
      </object_component>
      <object_component id="oc-7d">
         <name>.int58</name>
         <load_address>0xfffc</load_address>
         <run_address>0xfffc</run_address>
         <size>0x2</size>
         <input_file_ref idref="fl-44"/>
      </object_component>
      <object_component id="oc-27e">
         <name>.reset</name>
         <load_address>0xfffe</load_address>
         <run_address>0xfffe</run_address>
         <size>0x2</size>
         <input_file_ref idref="fl-49"/>
      </object_component>
      <object_component id="oc-3fb">
         <name>.debug_info</name>
         <load_address>0x0</load_address>
         <run_address>0x0</run_address>
         <size>0x48f</size>
         <input_file_ref idref="fl-2"/>
      </object_component>
      <object_component id="oc-66f">
         <name>.debug_info</name>
         <load_address>0x48f</load_address>
         <run_address>0x48f</run_address>
         <size>0xc6</size>
         <input_file_ref idref="fl-2"/>
      </object_component>
      <object_component id="oc-66c">
         <name>.debug_info</name>
         <load_address>0x555</load_address>
         <run_address>0x555</run_address>
         <size>0xd2</size>
         <input_file_ref idref="fl-2"/>
      </object_component>
      <object_component id="oc-4c6">
         <name>.debug_info</name>
         <load_address>0x627</load_address>
         <run_address>0x627</run_address>
         <size>0xc9</size>
         <input_file_ref idref="fl-2"/>
      </object_component>
      <object_component id="oc-567">
         <name>.debug_info</name>
         <load_address>0x6f0</load_address>
         <run_address>0x6f0</run_address>
         <size>0xc9</size>
         <input_file_ref idref="fl-2"/>
      </object_component>
      <object_component id="oc-56b">
         <name>.debug_info</name>
         <load_address>0x7b9</load_address>
         <run_address>0x7b9</run_address>
         <size>0x158</size>
         <input_file_ref idref="fl-2"/>
      </object_component>
      <object_component id="oc-3f0">
         <name>.debug_info</name>
         <load_address>0x911</load_address>
         <run_address>0x911</run_address>
         <size>0x1f7</size>
         <input_file_ref idref="fl-2"/>
      </object_component>
      <object_component id="oc-38a">
         <name>.debug_info</name>
         <load_address>0xb08</load_address>
         <run_address>0xb08</run_address>
         <size>0x296</size>
         <input_file_ref idref="fl-2"/>
      </object_component>
      <object_component id="oc-586">
         <name>.debug_info</name>
         <load_address>0xd9e</load_address>
         <run_address>0xd9e</run_address>
         <size>0x26b</size>
         <input_file_ref idref="fl-2"/>
      </object_component>
      <object_component id="oc-4ba">
         <name>.debug_info</name>
         <load_address>0x1009</load_address>
         <run_address>0x1009</run_address>
         <size>0xee</size>
         <input_file_ref idref="fl-2"/>
      </object_component>
      <object_component id="oc-4ff">
         <name>.debug_info</name>
         <load_address>0x10f7</load_address>
         <run_address>0x10f7</run_address>
         <size>0x9e</size>
         <input_file_ref idref="fl-2"/>
      </object_component>
      <object_component id="oc-58b">
         <name>.debug_info</name>
         <load_address>0x1195</load_address>
         <run_address>0x1195</run_address>
         <size>0x392</size>
         <input_file_ref idref="fl-2"/>
      </object_component>
      <object_component id="oc-354">
         <name>.debug_info</name>
         <load_address>0x1527</load_address>
         <run_address>0x1527</run_address>
         <size>0x8b</size>
         <input_file_ref idref="fl-2"/>
      </object_component>
      <object_component id="oc-35a">
         <name>.debug_info</name>
         <load_address>0x15b2</load_address>
         <run_address>0x15b2</run_address>
         <size>0x275</size>
         <input_file_ref idref="fl-2"/>
      </object_component>
      <object_component id="oc-304">
         <name>.debug_info</name>
         <load_address>0x1827</load_address>
         <run_address>0x1827</run_address>
         <size>0xbb</size>
         <input_file_ref idref="fl-2"/>
      </object_component>
      <object_component id="oc-590">
         <name>.debug_info</name>
         <load_address>0x18e2</load_address>
         <run_address>0x18e2</run_address>
         <size>0x2c</size>
         <input_file_ref idref="fl-2"/>
      </object_component>
      <object_component id="oc-3fd">
         <name>.debug_info</name>
         <load_address>0x190e</load_address>
         <run_address>0x190e</run_address>
         <size>0xb6c</size>
         <input_file_ref idref="fl-3"/>
      </object_component>
      <object_component id="oc-2fb">
         <name>.debug_info</name>
         <load_address>0x247a</load_address>
         <run_address>0x247a</run_address>
         <size>0x111</size>
         <input_file_ref idref="fl-3"/>
      </object_component>
      <object_component id="oc-49f">
         <name>.debug_info</name>
         <load_address>0x258b</load_address>
         <run_address>0x258b</run_address>
         <size>0xc7</size>
         <input_file_ref idref="fl-3"/>
      </object_component>
      <object_component id="oc-3a1">
         <name>.debug_info</name>
         <load_address>0x2652</load_address>
         <run_address>0x2652</run_address>
         <size>0x1c7</size>
         <input_file_ref idref="fl-3"/>
      </object_component>
      <object_component id="oc-3ca">
         <name>.debug_info</name>
         <load_address>0x2819</load_address>
         <run_address>0x2819</run_address>
         <size>0x1c2</size>
         <input_file_ref idref="fl-3"/>
      </object_component>
      <object_component id="oc-406">
         <name>.debug_info</name>
         <load_address>0x29db</load_address>
         <run_address>0x29db</run_address>
         <size>0x1c3</size>
         <input_file_ref idref="fl-3"/>
      </object_component>
      <object_component id="oc-3d0">
         <name>.debug_info</name>
         <load_address>0x2b9e</load_address>
         <run_address>0x2b9e</run_address>
         <size>0x1e3</size>
         <input_file_ref idref="fl-3"/>
      </object_component>
      <object_component id="oc-40c">
         <name>.debug_info</name>
         <load_address>0x2d81</load_address>
         <run_address>0x2d81</run_address>
         <size>0x1c4</size>
         <input_file_ref idref="fl-3"/>
      </object_component>
      <object_component id="oc-36b">
         <name>.debug_info</name>
         <load_address>0x2f45</load_address>
         <run_address>0x2f45</run_address>
         <size>0x320</size>
         <input_file_ref idref="fl-3"/>
      </object_component>
      <object_component id="oc-371">
         <name>.debug_info</name>
         <load_address>0x3265</load_address>
         <run_address>0x3265</run_address>
         <size>0x128</size>
         <input_file_ref idref="fl-3"/>
      </object_component>
      <object_component id="oc-377">
         <name>.debug_info</name>
         <load_address>0x338d</load_address>
         <run_address>0x338d</run_address>
         <size>0x238</size>
         <input_file_ref idref="fl-3"/>
      </object_component>
      <object_component id="oc-37d">
         <name>.debug_info</name>
         <load_address>0x35c5</load_address>
         <run_address>0x35c5</run_address>
         <size>0x1ab</size>
         <input_file_ref idref="fl-3"/>
      </object_component>
      <object_component id="oc-383">
         <name>.debug_info</name>
         <load_address>0x3770</load_address>
         <run_address>0x3770</run_address>
         <size>0x1f3</size>
         <input_file_ref idref="fl-3"/>
      </object_component>
      <object_component id="oc-330">
         <name>.debug_info</name>
         <load_address>0x3963</load_address>
         <run_address>0x3963</run_address>
         <size>0xb6a</size>
         <input_file_ref idref="fl-3"/>
      </object_component>
      <object_component id="oc-2a2">
         <name>.debug_info</name>
         <load_address>0x44cd</load_address>
         <run_address>0x44cd</run_address>
         <size>0x19d</size>
         <input_file_ref idref="fl-3"/>
      </object_component>
      <object_component id="oc-29c">
         <name>.debug_info</name>
         <load_address>0x466a</load_address>
         <run_address>0x466a</run_address>
         <size>0x15b</size>
         <input_file_ref idref="fl-3"/>
      </object_component>
      <object_component id="oc-65b">
         <name>.debug_info</name>
         <load_address>0x47c5</load_address>
         <run_address>0x47c5</run_address>
         <size>0x2c</size>
         <input_file_ref idref="fl-3"/>
      </object_component>
      <object_component id="oc-3e3">
         <name>.debug_info</name>
         <load_address>0x47f1</load_address>
         <run_address>0x47f1</run_address>
         <size>0x1e4</size>
         <input_file_ref idref="fl-4"/>
      </object_component>
      <object_component id="oc-479">
         <name>.debug_info</name>
         <load_address>0x49d5</load_address>
         <run_address>0x49d5</run_address>
         <size>0x201</size>
         <input_file_ref idref="fl-4"/>
      </object_component>
      <object_component id="oc-46d">
         <name>.debug_info</name>
         <load_address>0x4bd6</load_address>
         <run_address>0x4bd6</run_address>
         <size>0x27e</size>
         <input_file_ref idref="fl-4"/>
      </object_component>
      <object_component id="oc-2fe">
         <name>.debug_info</name>
         <load_address>0x4e54</load_address>
         <run_address>0x4e54</run_address>
         <size>0x15c</size>
         <input_file_ref idref="fl-4"/>
      </object_component>
      <object_component id="oc-2ef">
         <name>.debug_info</name>
         <load_address>0x4fb0</load_address>
         <run_address>0x4fb0</run_address>
         <size>0x1c2</size>
         <input_file_ref idref="fl-4"/>
      </object_component>
      <object_component id="oc-485">
         <name>.debug_info</name>
         <load_address>0x5172</load_address>
         <run_address>0x5172</run_address>
         <size>0x1a8</size>
         <input_file_ref idref="fl-4"/>
      </object_component>
      <object_component id="oc-473">
         <name>.debug_info</name>
         <load_address>0x531a</load_address>
         <run_address>0x531a</run_address>
         <size>0x150</size>
         <input_file_ref idref="fl-4"/>
      </object_component>
      <object_component id="oc-47f">
         <name>.debug_info</name>
         <load_address>0x546a</load_address>
         <run_address>0x546a</run_address>
         <size>0x2e0</size>
         <input_file_ref idref="fl-4"/>
      </object_component>
      <object_component id="oc-2f5">
         <name>.debug_info</name>
         <load_address>0x574a</load_address>
         <run_address>0x574a</run_address>
         <size>0x1b6</size>
         <input_file_ref idref="fl-4"/>
      </object_component>
      <object_component id="oc-285">
         <name>.debug_info</name>
         <load_address>0x5900</load_address>
         <run_address>0x5900</run_address>
         <size>0x84</size>
         <input_file_ref idref="fl-5"/>
      </object_component>
      <object_component id="oc-5dd">
         <name>.debug_info</name>
         <load_address>0x5984</load_address>
         <run_address>0x5984</run_address>
         <size>0xf0</size>
         <input_file_ref idref="fl-6"/>
      </object_component>
      <object_component id="oc-498">
         <name>.debug_info</name>
         <load_address>0x5a74</load_address>
         <run_address>0x5a74</run_address>
         <size>0x133</size>
         <input_file_ref idref="fl-6"/>
      </object_component>
      <object_component id="oc-48c">
         <name>.debug_info</name>
         <load_address>0x5ba7</load_address>
         <run_address>0x5ba7</run_address>
         <size>0x18c</size>
         <input_file_ref idref="fl-6"/>
      </object_component>
      <object_component id="oc-492">
         <name>.debug_info</name>
         <load_address>0x5d33</load_address>
         <run_address>0x5d33</run_address>
         <size>0x229</size>
         <input_file_ref idref="fl-6"/>
      </object_component>
      <object_component id="oc-5e7">
         <name>.debug_info</name>
         <load_address>0x5f5c</load_address>
         <run_address>0x5f5c</run_address>
         <size>0x14c</size>
         <input_file_ref idref="fl-9"/>
      </object_component>
      <object_component id="oc-31c">
         <name>.debug_info</name>
         <load_address>0x60a8</load_address>
         <run_address>0x60a8</run_address>
         <size>0x1cb</size>
         <input_file_ref idref="fl-9"/>
      </object_component>
      <object_component id="oc-316">
         <name>.debug_info</name>
         <load_address>0x6273</load_address>
         <run_address>0x6273</run_address>
         <size>0x18b</size>
         <input_file_ref idref="fl-9"/>
      </object_component>
      <object_component id="oc-4a9">
         <name>.debug_info</name>
         <load_address>0x63fe</load_address>
         <run_address>0x63fe</run_address>
         <size>0x1b8</size>
         <input_file_ref idref="fl-9"/>
      </object_component>
      <object_component id="oc-30b">
         <name>.debug_info</name>
         <load_address>0x65b6</load_address>
         <run_address>0x65b6</run_address>
         <size>0x1bb</size>
         <input_file_ref idref="fl-9"/>
      </object_component>
      <object_component id="oc-4b4">
         <name>.debug_info</name>
         <load_address>0x6771</load_address>
         <run_address>0x6771</run_address>
         <size>0x1c8</size>
         <input_file_ref idref="fl-9"/>
      </object_component>
      <object_component id="oc-4ae">
         <name>.debug_info</name>
         <load_address>0x6939</load_address>
         <run_address>0x6939</run_address>
         <size>0x17d</size>
         <input_file_ref idref="fl-9"/>
      </object_component>
      <object_component id="oc-310">
         <name>.debug_info</name>
         <load_address>0x6ab6</load_address>
         <run_address>0x6ab6</run_address>
         <size>0x1af</size>
         <input_file_ref idref="fl-9"/>
      </object_component>
      <object_component id="oc-604">
         <name>.debug_info</name>
         <load_address>0x6c65</load_address>
         <run_address>0x6c65</run_address>
         <size>0x151</size>
         <input_file_ref idref="fl-d"/>
      </object_component>
      <object_component id="oc-506">
         <name>.debug_info</name>
         <load_address>0x6db6</load_address>
         <run_address>0x6db6</run_address>
         <size>0xe4</size>
         <input_file_ref idref="fl-d"/>
      </object_component>
      <object_component id="oc-454">
         <name>.debug_info</name>
         <load_address>0x6e9a</load_address>
         <run_address>0x6e9a</run_address>
         <size>0x1d3</size>
         <input_file_ref idref="fl-d"/>
      </object_component>
      <object_component id="oc-50c">
         <name>.debug_info</name>
         <load_address>0x706d</load_address>
         <run_address>0x706d</run_address>
         <size>0x1d5</size>
         <input_file_ref idref="fl-d"/>
      </object_component>
      <object_component id="oc-461">
         <name>.debug_info</name>
         <load_address>0x7242</load_address>
         <run_address>0x7242</run_address>
         <size>0x21c</size>
         <input_file_ref idref="fl-d"/>
      </object_component>
      <object_component id="oc-468">
         <name>.debug_info</name>
         <load_address>0x745e</load_address>
         <run_address>0x745e</run_address>
         <size>0x21b</size>
         <input_file_ref idref="fl-d"/>
      </object_component>
      <object_component id="oc-39c">
         <name>.debug_info</name>
         <load_address>0x7679</load_address>
         <run_address>0x7679</run_address>
         <size>0x1ca</size>
         <input_file_ref idref="fl-d"/>
      </object_component>
      <object_component id="oc-45a">
         <name>.debug_info</name>
         <load_address>0x7843</load_address>
         <run_address>0x7843</run_address>
         <size>0x1ef</size>
         <input_file_ref idref="fl-d"/>
      </object_component>
      <object_component id="oc-395">
         <name>.debug_info</name>
         <load_address>0x7a32</load_address>
         <run_address>0x7a32</run_address>
         <size>0x1c8</size>
         <input_file_ref idref="fl-d"/>
      </object_component>
      <object_component id="oc-3dd">
         <name>.debug_info</name>
         <load_address>0x7bfa</load_address>
         <run_address>0x7bfa</run_address>
         <size>0x1d5</size>
         <input_file_ref idref="fl-d"/>
      </object_component>
      <object_component id="oc-5f9">
         <name>.debug_info</name>
         <load_address>0x7dcf</load_address>
         <run_address>0x7dcf</run_address>
         <size>0x14a</size>
         <input_file_ref idref="fl-f"/>
      </object_component>
      <object_component id="oc-4d5">
         <name>.debug_info</name>
         <load_address>0x7f19</load_address>
         <run_address>0x7f19</run_address>
         <size>0x198</size>
         <input_file_ref idref="fl-f"/>
      </object_component>
      <object_component id="oc-4cf">
         <name>.debug_info</name>
         <load_address>0x80b1</load_address>
         <run_address>0x80b1</run_address>
         <size>0x19e</size>
         <input_file_ref idref="fl-f"/>
      </object_component>
      <object_component id="oc-5f0">
         <name>.debug_info</name>
         <load_address>0x824f</load_address>
         <run_address>0x824f</run_address>
         <size>0x1a9</size>
         <input_file_ref idref="fl-f"/>
      </object_component>
      <object_component id="oc-4c0">
         <name>.debug_info</name>
         <load_address>0x83f8</load_address>
         <run_address>0x83f8</run_address>
         <size>0x2f1</size>
         <input_file_ref idref="fl-f"/>
      </object_component>
      <object_component id="oc-4ed">
         <name>.debug_info</name>
         <load_address>0x86e9</load_address>
         <run_address>0x86e9</run_address>
         <size>0x1ec</size>
         <input_file_ref idref="fl-f"/>
      </object_component>
      <object_component id="oc-4e1">
         <name>.debug_info</name>
         <load_address>0x88d5</load_address>
         <run_address>0x88d5</run_address>
         <size>0x192</size>
         <input_file_ref idref="fl-f"/>
      </object_component>
      <object_component id="oc-4f3">
         <name>.debug_info</name>
         <load_address>0x8a67</load_address>
         <run_address>0x8a67</run_address>
         <size>0x1ba</size>
         <input_file_ref idref="fl-f"/>
      </object_component>
      <object_component id="oc-4f9">
         <name>.debug_info</name>
         <load_address>0x8c21</load_address>
         <run_address>0x8c21</run_address>
         <size>0x152</size>
         <input_file_ref idref="fl-f"/>
      </object_component>
      <object_component id="oc-4c9">
         <name>.debug_info</name>
         <load_address>0x8d73</load_address>
         <run_address>0x8d73</run_address>
         <size>0x190</size>
         <input_file_ref idref="fl-f"/>
      </object_component>
      <object_component id="oc-4db">
         <name>.debug_info</name>
         <load_address>0x8f03</load_address>
         <run_address>0x8f03</run_address>
         <size>0x16e</size>
         <input_file_ref idref="fl-f"/>
      </object_component>
      <object_component id="oc-4e7">
         <name>.debug_info</name>
         <load_address>0x9071</load_address>
         <run_address>0x9071</run_address>
[...]
         <object_component_ref idref="oc-4e6"/>
      </symbol>
      <symbol id="sm-505">
         <name>LCD_E_on</name>
         <value>0xfbf2</value>
         <object_component_ref idref="oc-4f8"/>
      </symbol>
      <symbol id="sm-506">
         <name>LCD_E_setPinAsCOM</name>
         <value>0xee2e</value>
         <object_component_ref idref="oc-4ec"/>
      </symbol>
      <symbol id="sm-507">
         <name>LCD_E_setVLCDSource</name>
         <value>0xfb7e</value>
         <object_component_ref idref="oc-4ce"/>
      </symbol>
      <symbol id="sm-508">
         <name>LCD_E_selectDisplayMemory</name>
         <value>0xfc2c</value>
         <object_component_ref idref="oc-4f2"/>
      </symbol>
      <symbol id="sm-509">
         <name>LCD_E_setChargePumpFreq</name>
         <value>0xfbfe</value>
         <object_component_ref idref="oc-4e0"/>
      </symbol>
      <symbol id="sm-50a">
         <name>LCD_E_init</name>
         <value>0xf8e4</value>
         <object_component_ref idref="oc-4c8"/>
      </symbol>
      <symbol id="sm-50b">
         <name>LCD_E_enableChargePump</name>
         <value>0xfc6c</value>
         <object_component_ref idref="oc-4da"/>
      </symbol>
      <symbol id="sm-50c">
         <name>LCD_E_setVLCDVoltage</name>
         <value>0xfc0a</value>
         <object_component_ref idref="oc-4d4"/>
      </symbol>
      <symbol id="sm-50d">
         <name>LCD_E_setPinAsLCDFunctionEx</name>
         <value>0xf07a</value>
         <object_component_ref idref="oc-4bf"/>
      </symbol>
      <symbol id="sm-517">
         <name>PMM_unlockLPM5</name>
         <value>0xfcb0</value>
         <object_component_ref idref="oc-38e"/>
      </symbol>
      <symbol id="sm-52f">
         <name>Timer_A_outputPWM</name>
         <value>0xf364</value>
         <object_component_ref idref="oc-3ff"/>
      </symbol>
      <symbol id="sm-530">
         <name>Timer_A_stop</name>
         <value>0xfc74</value>
         <object_component_ref idref="oc-3e8"/>
      </symbol>
      <symbol id="sm-53b">
         <name>WDT_A_hold</name>
         <value>0xfada</value>
         <object_component_ref idref="oc-364"/>
      </symbol>
      <symbol id="sm-547">
         <name>__mspabi_remi</name>
         <value>0xf8b8</value>
         <object_component_ref idref="oc-3a6"/>
      </symbol>
      <symbol id="sm-548">
         <name>__mspabi_divi</name>
         <value>0xf8b8</value>
         <object_component_ref idref="oc-3a6"/>
      </symbol>
      <symbol id="sm-552">
         <name>__mspabi_remu</name>
         <value>0xfaf0</value>
         <object_component_ref idref="oc-511"/>
      </symbol>
      <symbol id="sm-553">
         <name>__mspabi_divu</name>
         <value>0xfaf0</value>
         <object_component_ref idref="oc-511"/>
      </symbol>
      <symbol id="sm-562">
         <name>__mspabi_remul</name>
         <value>0xf2b6</value>
         <object_component_ref idref="oc-6df"/>
      </symbol>
      <symbol id="sm-563">
         <name>__mspabi_divul</name>
         <value>0xf2b6</value>
         <object_component_ref idref="oc-6df"/>
      </symbol>
      <symbol id="sm-566">
         <name>__TI_int45</name>
         <value>0xffe2</value>
         <object_component_ref idref="oc-70"/>
      </symbol>
      <symbol id="sm-569">
         <name>__TI_int46</name>
         <value>0xffe4</value>
         <object_component_ref idref="oc-71"/>
      </symbol>
      <symbol id="sm-56c">
         <name>__TI_int47</name>
         <value>0xffe6</value>
         <object_component_ref idref="oc-72"/>
      </symbol>
      <symbol id="sm-56f">
         <name>__TI_int49</name>
         <value>0xffea</value>
         <object_component_ref idref="oc-74"/>
      </symbol>
      <symbol id="sm-572">
         <name>__TI_int51</name>
         <value>0xffee</value>
         <object_component_ref idref="oc-76"/>
      </symbol>
      <symbol id="sm-575">
         <name>__TI_int52</name>
         <value>0xfff0</value>
         <object_component_ref idref="oc-77"/>
      </symbol>
      <symbol id="sm-578">
         <name>__TI_int53</name>
         <value>0xfff2</value>
         <object_component_ref idref="oc-78"/>
      </symbol>
      <symbol id="sm-57b">
         <name>__TI_int54</name>
         <value>0xfff4</value>
         <object_component_ref idref="oc-79"/>
      </symbol>
      <symbol id="sm-57e">
         <name>__TI_int55</name>
         <value>0xfff6</value>
         <object_component_ref idref="oc-7a"/>
      </symbol>
      <symbol id="sm-581">
         <name>__TI_int56</name>
         <value>0xfff8</value>
         <object_component_ref idref="oc-7b"/>
      </symbol>
      <symbol id="sm-584">
         <name>__TI_int57</name>
         <value>0xfffa</value>
         <object_component_ref idref="oc-7c"/>
      </symbol>
      <symbol id="sm-587">
         <name>__TI_int58</name>
         <value>0xfffc</value>
         <object_component_ref idref="oc-7d"/>
      </symbol>
      <symbol id="sm-58f">
         <name>__TI_ISR_TRAP</name>
         <value>0xfc7c</value>
         <object_component_ref idref="oc-296"/>
      </symbol>
      <symbol id="sm-598">
         <name>__mspabi_slli</name>
         <value>0xfc40</value>
         <object_component_ref idref="oc-5d5"/>
      </symbol>
      <symbol id="sm-5a1">
         <name>__mspabi_srli</name>
         <value>0xfc4a</value>
         <object_component_ref idref="oc-5ea"/>
      </symbol>
      <symbol id="sm-5ab">
         <name>__mspabi_mpyl_sw</name>
         <value>0xf95c</value>
         <object_component_ref idref="oc-618"/>
      </symbol>
      <symbol id="sm-5ac">
         <name>__mspabi_mpyl</name>
         <value>0xf95c</value>
         <object_component_ref idref="oc-618"/>
      </symbol>
      <symbol id="sm-5bc">
         <name>_stack</name>
         <value>0x2760</value>
         <object_component_ref idref="oc-27b"/>
      </symbol>
      <symbol id="sm-5bd">
         <name>_c_int00_noargs</name>
         <value>0xf9e2</value>
         <object_component_ref idref="oc-2b9"/>
      </symbol>
      <symbol id="sm-5be">
         <name>_reset_vector</name>
         <value>0xfffe</value>
         <object_component_ref idref="oc-27e"/>
      </symbol>
      <symbol id="sm-5e0">
         <name>__TI_auto_init_nobinit_nopinit_hold_wdt</name>
         <value>0xf1e6</value>
         <object_component_ref idref="oc-436"/>
      </symbol>
      <symbol id="sm-5f0">
         <name>__TI_zero_init_nomemset</name>
         <value>0xf58e</value>
         <object_component_ref idref="oc-2a7"/>
      </symbol>
      <symbol id="sm-5fb">
         <name>_system_pre_init</name>
         <value>0xfcc2</value>
         <object_component_ref idref="oc-329"/>
      </symbol>
      <symbol id="sm-604">
         <name>_system_post_cinit</name>
         <value>0xfcc6</value>
         <object_component_ref idref="oc-5ad"/>
      </symbol>
      <symbol id="sm-615">
         <name>__TI_decompress_none</name>
         <value>0xf686</value>
         <object_component_ref idref="oc-6a"/>
      </symbol>
      <symbol id="sm-636">
         <name>__TI_decompress_lzss</name>
         <value>0xe7aa</value>
         <object_component_ref idref="oc-64"/>
      </symbol>
      <symbol id="sm-65c">
         <name>__mspabi_divd</name>
         <value>0xdf22</value>
         <object_component_ref idref="oc-3bd"/>
      </symbol>
      <symbol id="sm-669">
         <name>__mspabi_fixdi</name>
         <value>0xf90c</value>
         <object_component_ref idref="oc-3c3"/>
      </symbol>
      <symbol id="sm-678">
         <name>__mspabi_fixdli</name>
         <value>0xf250</value>
         <object_component_ref idref="oc-53a"/>
      </symbol>
      <symbol id="sm-681">
         <name>__mspabi_fltid</name>
         <value>0xfc16</value>
         <object_component_ref idref="oc-3ab"/>
      </symbol>
      <symbol id="sm-699">
         <name>__mspabi_fltlid</name>
         <value>0xeecc</value>
         <object_component_ref idref="oc-517"/>
      </symbol>
      <symbol id="sm-6b4">
         <name>__TI_frcdivd</name>
         <value>0xcdba</value>
         <object_component_ref idref="oc-532"/>
      </symbol>
      <symbol id="sm-6d5">
         <name>__mspabi_mpyd</name>
         <value>0xda76</value>
         <object_component_ref idref="oc-3b1"/>
      </symbol>
      <symbol id="sm-6de">
         <name>__mspabi_subd</name>
         <value>0xf88a</value>
         <object_component_ref idref="oc-3b7"/>
      </symbol>
      <symbol id="sm-6e8">
         <name>C$$EXIT</name>
         <value>0xfcbc</value>
         <object_component_ref idref="oc-412"/>
      </symbol>
      <symbol id="sm-6e9">
         <name>abort</name>
         <value>0xfcbc</value>
         <object_component_ref idref="oc-412"/>
      </symbol>
      <symbol id="sm-6f9">
         <name>memcpy</name>
         <value>0xfba2</value>
         <object_component_ref idref="oc-4a1"/>
      </symbol>
      <symbol id="sm-71a">
         <name>sprintf</name>
         <value>0xf6c2</value>
         <object_component_ref idref="oc-3f4"/>
      </symbol>
      <symbol id="sm-748">
         <name>sscanf</name>
         <value>0xf934</value>
         <object_component_ref idref="oc-3d6"/>
      </symbol>
      <symbol id="sm-755">
         <name>strlen</name>
         <value>0xfbe4</value>
         <object_component_ref idref="oc-560"/>
      </symbol>
      <symbol id="sm-765">
         <name>__mspabi_sral</name>
         <value>0xfbb4</value>
         <object_component_ref idref="oc-6c7"/>
      </symbol>
      <symbol id="sm-766">
         <name>__mspabi_sral_15</name>
         <value>0xf5cc</value>
         <object_component_ref idref="oc-613"/>
      </symbol>
      <symbol id="sm-767">
         <name>__mspabi_sral_14</name>
         <value>0xf5d0</value>
         <object_component_ref idref="oc-613"/>
      </symbol>
      <symbol id="sm-768">
         <name>__mspabi_sral_13</name>
         <value>0xf5d4</value>
         <object_component_ref idref="oc-613"/>
      </symbol>
      <symbol id="sm-769">
         <name>__mspabi_sral_12</name>
         <value>0xf5d8</value>
         <object_component_ref idref="oc-613"/>
      </symbol>
      <symbol id="sm-76a">
         <name>__mspabi_sral_11</name>
         <value>0xf5dc</value>
         <object_component_ref idref="oc-613"/>
      </symbol>
      <symbol id="sm-76b">
         <name>__mspabi_sral_10</name>
         <value>0xf5e0</value>
         <object_component_ref idref="oc-613"/>
      </symbol>
      <symbol id="sm-76c">
         <name>__mspabi_sral_8</name>
         <value>0xf5e8</value>
         <object_component_ref idref="oc-613"/>
      </symbol>
      <symbol id="sm-76d">
         <name>__mspabi_sral_9</name>
         <value>0xf5e4</value>
         <object_component_ref idref="oc-613"/>
      </symbol>
      <symbol id="sm-76e">
         <name>__mspabi_sral_6</name>
         <value>0xf5f0</value>
         <object_component_ref idref="oc-613"/>
      </symbol>
      <symbol id="sm-76f">
         <name>__mspabi_sral_7</name>
         <value>0xf5ec</value>
         <object_component_ref idref="oc-613"/>
      </symbol>
      <symbol id="sm-770">
         <name>__mspabi_sral_4</name>
         <value>0xf5f8</value>
         <object_component_ref idref="oc-613"/>
      </symbol>
      <symbol id="sm-771">
         <name>__mspabi_sral_5</name>
         <value>0xf5f4</value>
         <object_component_ref idref="oc-613"/>
      </symbol>
      <symbol id="sm-772">
         <name>__mspabi_sral_2</name>
         <value>0xf600</value>
         <object_component_ref idref="oc-613"/>
      </symbol>
      <symbol id="sm-773">
         <name>__mspabi_sral_3</name>
         <value>0xf5fc</value>
         <object_component_ref idref="oc-613"/>
      </symbol>
      <symbol id="sm-774">
         <name>__mspabi_sral_1</name>
         <value>0xf604</value>
         <object_component_ref idref="oc-613"/>
      </symbol>
      <symbol id="sm-77f">
         <name>__memcpy_far</name>
         <value>0xf510</value>
         <object_component_ref idref="oc-28a"/>
      </symbol>
      <symbol id="sm-78f">
         <name>__mspabi_slll_9</name>
         <value>0xf622</value>
         <object_component_ref idref="oc-607"/>
      </symbol>
      <symbol id="sm-790">
         <name>__mspabi_slll_8</name>
         <value>0xf626</value>
         <object_component_ref idref="oc-607"/>
      </symbol>
      <symbol id="sm-791">
         <name>__mspabi_slll_7</name>
         <value>0xf62a</value>
         <object_component_ref idref="oc-607"/>
      </symbol>
      <symbol id="sm-792">
         <name>__mspabi_slll_6</name>
         <value>0xf62e</value>
         <object_component_ref idref="oc-607"/>
      </symbol>
      <symbol id="sm-793">
         <name>__mspabi_slll_5</name>
         <value>0xf632</value>
         <object_component_ref idref="oc-607"/>
      </symbol>
      <symbol id="sm-794">
         <name>__mspabi_slll_4</name>
         <value>0xf636</value>
         <object_component_ref idref="oc-607"/>
      </symbol>
      <symbol id="sm-795">
         <name>__mspabi_slll_3</name>
         <value>0xf63a</value>
         <object_component_ref idref="oc-607"/>
      </symbol>
      <symbol id="sm-796">
         <name>__mspabi_slll_2</name>
         <value>0xf63e</value>
         <object_component_ref idref="oc-607"/>
      </symbol>
      <symbol id="sm-797">
         <name>__mspabi_slll_1</name>
         <value>0xf642</value>
         <object_component_ref idref="oc-607"/>
      </symbol>
      <symbol id="sm-798">
         <name>__mspabi_slll</name>
         <value>0xfbc4</value>
         <object_component_ref idref="oc-6c2"/>
      </symbol>
      <symbol id="sm-799">
         <name>__mspabi_slll_15</name>
         <value>0xf60a</value>
         <object_component_ref idref="oc-607"/>
      </symbol>
      <symbol id="sm-79a">
         <name>__mspabi_slll_14</name>
         <value>0xf60e</value>
         <object_component_ref idref="oc-607"/>
      </symbol>
      <symbol id="sm-79b">
         <name>__mspabi_slll_13</name>
         <value>0xf612</value>
         <object_component_ref idref="oc-607"/>
      </symbol>
      <symbol id="sm-79c">
         <name>__mspabi_slll_12</name>
         <value>0xf616</value>
         <object_component_ref idref="oc-607"/>
      </symbol>
      <symbol id="sm-79d">
         <name>__mspabi_slll_11</name>
         <value>0xf61a</value>
         <object_component_ref idref="oc-607"/>
      </symbol>
      <symbol id="sm-79e">
         <name>__mspabi_slll_10</name>
         <value>0xf61e</value>
         <object_component_ref idref="oc-607"/>
      </symbol>
      <symbol id="sm-7ae">
         <name>__mspabi_srll_8</name>
         <value>0xf664</value>
         <object_component_ref idref="oc-60c"/>
      </symbol>
      <symbol id="sm-7af">
         <name>__mspabi_srll_9</name>
         <value>0xf660</value>
         <object_component_ref idref="oc-60c"/>
      </symbol>
      <symbol id="sm-7b0">
         <name>__mspabi_srll_6</name>
         <value>0xf66c</value>
         <object_component_ref idref="oc-60c"/>
      </symbol>
      <symbol id="sm-7b1">
         <name>__mspabi_srll_7</name>
         <value>0xf668</value>
         <object_component_ref idref="oc-60c"/>
      </symbol>
      <symbol id="sm-7b2">
         <name>__mspabi_srll_4</name>
         <value>0xf674</value>
         <object_component_ref idref="oc-60c"/>
      </symbol>
      <symbol id="sm-7b3">
         <name>__mspabi_srll_5</name>
         <value>0xf670</value>
         <object_component_ref idref="oc-60c"/>
      </symbol>
      <symbol id="sm-7b4">
         <name>__mspabi_srll_2</name>
         <value>0xf67c</value>
         <object_component_ref idref="oc-60c"/>
      </symbol>
      <symbol id="sm-7b5">
         <name>__mspabi_srll_3</name>
         <value>0xf678</value>
         <object_component_ref idref="oc-60c"/>
      </symbol>
      <symbol id="sm-7b6">
         <name>__mspabi_srll_1</name>
         <value>0xf680</value>
         <object_component_ref idref="oc-60c"/>
      </symbol>
      <symbol id="sm-7b7">
         <name>__mspabi_srll_15</name>
         <value>0xf648</value>
         <object_component_ref idref="oc-60c"/>
      </symbol>
      <symbol id="sm-7b8">
         <name>__mspabi_srll_14</name>
         <value>0xf64c</value>
         <object_component_ref idref="oc-60c"/>
      </symbol>
      <symbol id="sm-7b9">
         <name>__mspabi_srll_13</name>
         <value>0xf650</value>
         <object_component_ref idref="oc-60c"/>
      </symbol>
      <symbol id="sm-7ba">
         <name>__mspabi_srll_12</name>
         <value>0xf654</value>
         <object_component_ref idref="oc-60c"/>
      </symbol>
      <symbol id="sm-7bb">
         <name>__mspabi_srll_11</name>
         <value>0xf658</value>
         <object_component_ref idref="oc-60c"/>
      </symbol>
      <symbol id="sm-7bc">
         <name>__mspabi_srll_10</name>
         <value>0xf65c</value>
         <object_component_ref idref="oc-60c"/>
      </symbol>
      <symbol id="sm-7bd">
         <name>__mspabi_srll</name>
         <value>0xfbd4</value>
         <object_component_ref idref="oc-632"/>
      </symbol>
      <symbol id="sm-7c7">
         <name>__mspabi_mpyi_sw</name>
         <value>0xfb6a</value>
         <object_component_ref idref="oc-629"/>
      </symbol>
      <symbol id="sm-7c8">
         <name>__mspabi_mpyi</name>
         <value>0xfb6a</value>
         <object_component_ref idref="oc-629"/>
      </symbol>
      <symbol id="sm-7ec">
         <name>__mspabi_addd</name>
         <value>0xd518</value>
         <object_component_ref idref="oc-52b"/>
      </symbol>
      <symbol id="sm-80d">
         <name>__TI_frcaddd</name>
         <value>0xdcda</value>
         <object_component_ref idref="oc-621"/>
      </symbol>
      <symbol id="sm-81d">
         <name>__TI_frcmpyd</name>
         <value>0xd7f6</value>
         <object_component_ref idref="oc-51e"/>
      </symbol>
      <symbol id="sm-831">
         <name>__TI_renormd</name>
         <value>0xed7c</value>
         <object_component_ref idref="oc-6cc"/>
      </symbol>
      <symbol id="sm-87a">
         <name>__TI_printfi_minimal</name>
         <value>0xe898</value>
         <object_component_ref idref="oc-57c"/>
      </symbol>
      <symbol id="sm-8d1">
         <name>__TI_scanfi_minimal</name>
         <value>0xd220</value>
         <object_component_ref idref="oc-555"/>
      </symbol>
      <symbol id="sm-8dd">
         <name>isspace</name>
         <value>0xfc84</value>
         <object_component_ref idref="oc-63a"/>
      </symbol>
      <symbol id="sm-8e9">
         <name>isxdigit</name>
         <value>0xfc36</value>
         <object_component_ref idref="oc-6f5"/>
      </symbol>
      <symbol id="sm-8f8">
         <name>memccpy</name>
         <value>0xfa4c</value>
         <object_component_ref idref="oc-710"/>
      </symbol>
      <symbol id="sm-906">
         <name>memset</name>
         <value>0xfb56</value>
         <object_component_ref idref="oc-64d"/>
      </symbol>
      <symbol id="sm-915">
         <name>strchr</name>
         <value>0xfa66</value>
         <object_component_ref idref="oc-6ee"/>
      </symbol>
      <symbol id="sm-93d">
         <name>strtol</name>
         <value>0xe142</value>
         <object_component_ref idref="oc-647"/>
      </symbol>
      <symbol id="sm-962">
         <name>strtoul</name>
         <value>0xe508</value>
         <object_component_ref idref="oc-641"/>
      </symbol>
      <symbol id="sm-969">
         <name>errno</name>
         <value>0x2016</value>
         <object_component_ref idref="oc-6e4"/>
      </symbol>
      <symbol id="sm-973">
         <name>_ctypes_</name>
         <value>0xc42a</value>
         <object_component_ref idref="oc-6da"/>
      </symbol>
   </symbol_table>
   <title>Link successful</title>
</link_info>
